Archive member included to satisfy reference by file (symbol)

c:/st/stm32cubeide_1.3.0/stm32cubeide/plugins/com.st.stm32cube.ide.mcu.externaltools.gnu-tools-for-stm32.7-2018-q2-update.win32_1.4.0.202007081208/tools/bin/../lib/gcc/arm-none-eabi/7.3.1/../../../../arm-none-eabi/lib/thumb/v7e-m/fpv4-sp/hard\libc_nano.a(lib_a-errno.o)
                              Core/Src/syscalls.o (__errno)
c:/st/stm32cubeide_1.3.0/stm32cubeide/plugins/com.st.stm32cube.ide.mcu.externaltools.gnu-tools-for-stm32.7-2018-q2-update.win32_1.4.0.202007081208/tools/bin/../lib/gcc/arm-none-eabi/7.3.1/../../../../arm-none-eabi/lib/thumb/v7e-m/fpv4-sp/hard\libc_nano.a(lib_a-exit.o)
                              c:/st/stm32cubeide_1.3.0/stm32cubeide/plugins/com.st.stm32cube.ide.mcu.externaltools.gnu-tools-for-stm32.7-2018-q2-update.win32_1.4.0.202007081208/tools/bin/../lib/gcc/arm-none-eabi/7.3.1/../../../../arm-none-eabi/lib/thumb/v7e-m/fpv4-sp/hard/crt0.o (exit)
c:/st/stm32cubeide_1.3.0/stm32cubeide/plugins/com.st.stm32cube.ide.mcu.externaltools.gnu-tools-for-stm32.7-2018-q2-update.win32_1.4.0.202007081208/tools/bin/../lib/gcc/arm-none-eabi/7.3.1/../../../../arm-none-eabi/lib/thumb/v7e-m/fpv4-sp/hard\libc_nano.a(lib_a-impure.o)
                              c:/st/stm32cubeide_1.3.0/stm32cubeide/plugins/com.st.stm32cube.ide.mcu.externaltools.gnu-tools-for-stm32.7-2018-q2-update.win32_1.4.0.202007081208/tools/bin/../lib/gcc/arm-none-eabi/7.3.1/../../../../arm-none-eabi/lib/thumb/v7e-m/fpv4-sp/hard\libc_nano.a(lib_a-exit.o) (_global_impure_ptr)
c:/st/stm32cubeide_1.3.0/stm32cubeide/plugins/com.st.stm32cube.ide.mcu.externaltools.gnu-tools-for-stm32.7-2018-q2-update.win32_1.4.0.202007081208/tools/bin/../lib/gcc/arm-none-eabi/7.3.1/../../../../arm-none-eabi/lib/thumb/v7e-m/fpv4-sp/hard\libc_nano.a(lib_a-init.o)
                              c:/st/stm32cubeide_1.3.0/stm32cubeide/plugins/com.st.stm32cube.ide.mcu.externaltools.gnu-tools-for-stm32.7-2018-q2-update.win32_1.4.0.202007081208/tools/bin/../lib/gcc/arm-none-eabi/7.3.1/../../../../arm-none-eabi/lib/thumb/v7e-m/fpv4-sp/hard/crt0.o (__libc_init_array)
c:/st/stm32cubeide_1.3.0/stm32cubeide/plugins/com.st.stm32cube.ide.mcu.externaltools.gnu-tools-for-stm32.7-2018-q2-update.win32_1.4.0.202007081208/tools/bin/../lib/gcc/arm-none-eabi/7.3.1/../../../../arm-none-eabi/lib/thumb/v7e-m/fpv4-sp/hard\libc_nano.a(lib_a-memset.o)
                              c:/st/stm32cubeide_1.3.0/stm32cubeide/plugins/com.st.stm32cube.ide.mcu.externaltools.gnu-tools-for-stm32.7-2018-q2-update.win32_1.4.0.202007081208/tools/bin/../lib/gcc/arm-none-eabi/7.3.1/../../../../arm-none-eabi/lib/thumb/v7e-m/fpv4-sp/hard/crt0.o (memset)
c:/st/stm32cubeide_1.3.0/stm32cubeide/plugins/com.st.stm32cube.ide.mcu.externaltools.gnu-tools-for-stm32.7-2018-q2-update.win32_1.4.0.202007081208/tools/bin/../lib/gcc/arm-none-eabi/7.3.1/../../../../arm-none-eabi/lib/thumb/v7e-m/fpv4-sp/hard\libc_nano.a(lib_a-snprintf.o)
                              Core/Src/main.o (snprintf)
c:/st/stm32cubeide_1.3.0/stm32cubeide/plugins/com.st.stm32cube.ide.mcu.externaltools.gnu-tools-for-stm32.7-2018-q2-update.win32_1.4.0.202007081208/tools/bin/../lib/gcc/arm-none-eabi/7.3.1/../../../../arm-none-eabi/lib/thumb/v7e-m/fpv4-sp/hard\libc_nano.a(lib_a-nano-svfprintf.o)
                              c:/st/stm32cubeide_1.3.0/stm32cubeide/plugins/com.st.stm32cube.ide.mcu.externaltools.gnu-tools-for-stm32.7-2018-q2-update.win32_1.4.0.202007081208/tools/bin/../lib/gcc/arm-none-eabi/7.3.1/../../../../arm-none-eabi/lib/thumb/v7e-m/fpv4-sp/hard\libc_nano.a(lib_a-snprintf.o) (_svfprintf_r)
c:/st/stm32cubeide_1.3.0/stm32cubeide/plugins/com.st.stm32cube.ide.mcu.externaltools.gnu-tools-for-stm32.7-2018-q2-update.win32_1.4.0.202007081208/tools/bin/../lib/gcc/arm-none-eabi/7.3.1/../../../../arm-none-eabi/lib/thumb/v7e-m/fpv4-sp/hard\libc_nano.a(lib_a-nano-vfprintf_i.o)
                              c:/st/stm32cubeide_1.3.0/stm32cubeide/plugins/com.st.stm32cube.ide.mcu.externaltools.gnu-tools-for-stm32.7-2018-q2-update.win32_1.4.0.202007081208/tools/bin/../lib/gcc/arm-none-eabi/7.3.1/../../../../arm-none-eabi/lib/thumb/v7e-m/fpv4-sp/hard\libc_nano.a(lib_a-nano-svfprintf.o) (_printf_i)
c:/st/stm32cubeide_1.3.0/stm32cubeide/plugins/com.st.stm32cube.ide.mcu.externaltools.gnu-tools-for-stm32.7-2018-q2-update.win32_1.4.0.202007081208/tools/bin/../lib/gcc/arm-none-eabi/7.3.1/../../../../arm-none-eabi/lib/thumb/v7e-m/fpv4-sp/hard\libc_nano.a(lib_a-memchr.o)
                              c:/st/stm32cubeide_1.3.0/stm32cubeide/plugins/com.st.stm32cube.ide.mcu.externaltools.gnu-tools-for-stm32.7-2018-q2-update.win32_1.4.0.202007081208/tools/bin/../lib/gcc/arm-none-eabi/7.3.1/../../../../arm-none-eabi/lib/thumb/v7e-m/fpv4-sp/hard\libc_nano.a(lib_a-nano-svfprintf.o) (memchr)
[...]
Memory Configuration

Name             Origin             Length             Attributes
CCMRAM           0x0000000010000000 0x0000000000010000 xrw
RAM              0x0000000020000000 0x0000000000030000 xrw
FLASH            0x0000000008000000 0x0000000000200000 xr
*default*        0x0000000000000000 0xffffffffffffffff

Linker script and memory map

LOAD c:/st/stm32cubeide_1.3.0/stm32cubeide/plugins/com.st.stm32cube.ide.mcu.externaltools.gnu-tools-for-stm32.7-2018-q2-update.win32_1.4.0.202007081208/tools/bin/../lib/gcc/arm-none-eabi/7.3.1/thumb/v7e-m/fpv4-sp/hard/crti.o
LOAD c:/st/stm32cubeide_1.3.0/stm32cubeide/plugins/com.st.stm32cube.ide.mcu.externaltools.gnu-tools-for-stm32.7-2018-q2-update.win32_1.4.0.202007081208/tools/bin/../lib/gcc/arm-none-eabi/7.3.1/thumb/v7e-m/fpv4-sp/hard/crtbegin.o
LOAD c:/st/stm32cubeide_1.3.0/stm32cubeide/plugins/com.st.stm32cube.ide.mcu.externaltools.gnu-tools-for-stm32.7-2018-q2-update.win32_1.4.0.202007081208/tools/bin/../lib/gcc/arm-none-eabi/7.3.1/../../../../arm-none-eabi/lib/thumb/v7e-m/fpv4-sp/hard/crt0.o
LOAD Core/Src/adc.o
LOAD Core/Src/crc.o
LOAD Core/Src/dma2d.o
LOAD Core/Src/fmc.o
LOAD Core/Src/gpio.o
LOAD Core/Src/i2c.o
LOAD Core/Src/ltdc.o
LOAD Core/Src/main.o
LOAD Core/Src/menu.o
LOAD Core/Src/spi.o
LOAD Core/Src/stm32f4xx_hal_msp.o
LOAD Core/Src/stm32f4xx_hal_timebase_tim.o
LOAD Core/Src/stm32f4xx_it.o
LOAD Core/Src/syscalls.o
LOAD Core/Src/sysmem.o
LOAD Core/Src/system_stm32f4xx.o
LOAD Core/Src/tim.o
LOAD Core/Src/usart.o
LOAD Core/Startup/startup_stm32f429zitx.o
LOAD Drivers/BSP/Components/cs43l22/cs43l22.o
LOAD Drivers/BSP/Components/exc7200/exc7200.o
LOAD Drivers/BSP/Components/ft6x06/ft6x06.o
LOAD Drivers/BSP/Components/ili9325/ili9325.o
LOAD Drivers/BSP/Components/ili9341/ili9341.o
LOAD Drivers/BSP/Components/l3gd20/l3gd20.o
LOAD Drivers/BSP/Components/lis302dl/lis302dl.o
LOAD Drivers/BSP/Components/lis3dsh/lis3dsh.o
LOAD Drivers/BSP/Components/ls016b8uy/ls016b8uy.o
LOAD Drivers/BSP/Components/lsm303dlhc/lsm303dlhc.o
LOAD Drivers/BSP/Components/mfxstm32l152/mfxstm32l152.o
LOAD Drivers/BSP/Components/otm8009a/otm8009a.o
LOAD Drivers/BSP/Components/ov2640/ov2640.o
LOAD Drivers/BSP/Components/ov5640/ov5640.o
LOAD Drivers/BSP/Components/s5k5cag/s5k5cag.o
LOAD Drivers/BSP/Components/st7735/st7735.o
LOAD Drivers/BSP/Components/st7789h2/st7789h2.o
LOAD Drivers/BSP/Components/stmpe1600/stmpe1600.o
LOAD Drivers/BSP/Components/stmpe811/stmpe811.o
LOAD Drivers/BSP/Components/ts3510/ts3510.o
LOAD Drivers/BSP/Components/wm8994/wm8994.o
LOAD Drivers/BSP/STM32F429I-Discovery/stm32f429i_discovery.o
LOAD Drivers/BSP/STM32F429I-Discovery/stm32f429i_discovery_eeprom.o
LOAD Drivers/BSP/STM32F429I-Discovery/stm32f429i_discovery_gyroscope.o
LOAD Drivers/BSP/STM32F429I-Discovery/stm32f429i_discovery_io.o
LOAD Drivers/BSP/STM32F429I-Discovery/stm32f429i_discovery_lcd.o
LOAD Drivers/BSP/STM32F429I-Discovery/stm32f429i_discovery_sdram.o
LOAD Drivers/BSP/STM32F429I-Discovery/stm32f429i_discovery_ts.o
LOAD Drivers/STM32F4xx_HAL_Driver/Src/stm32f4xx_hal.o
LOAD Drivers/STM32F4xx_HAL_Driver/Src/stm32f4xx_hal_adc.o
LOAD Drivers/STM32F4xx_HAL_Driver/Src/stm32f4xx_hal_adc_ex.o
LOAD Drivers/STM32F4xx_HAL_Driver/Src/stm32f4xx_hal_cortex.o
LOAD Drivers/STM32F4xx_HAL_Driver/Src/stm32f4xx_hal_crc.o
LOAD Drivers/STM32F4xx_HAL_Driver/Src/stm32f4xx_hal_dma.o
LOAD Drivers/STM32F4xx_HAL_Driver/Src/stm32f4xx_hal_dma2d.o
LOAD Drivers/STM32F4xx_HAL_Driver/Src/stm32f4xx_hal_dma_ex.o
LOAD Drivers/STM32F4xx_HAL_Driver/Src/stm32f4xx_hal_dsi.o
LOAD Drivers/STM32F4xx_HAL_Driver/Src/stm32f4xx_hal_exti.o
LOAD Drivers/STM32F4xx_HAL_Driver/Src/stm32f4xx_hal_flash.o
LOAD Drivers/STM32F4xx_HAL_Driver/Src/stm32f4xx_hal_flash_ex.o
LOAD Drivers/STM32F4xx_HAL_Driver/Src/stm32f4xx_hal_flash_ramfunc.o
LOAD Drivers/STM32F4xx_HAL_Driver/Src/stm32f4xx_hal_gpio.o
LOAD Drivers/STM32F4xx_HAL_Driver/Src/stm32f4xx_hal_i2c.o
LOAD Drivers/STM32F4xx_HAL_Driver/Src/stm32f4xx_hal_i2c_ex.o
LOAD Drivers/STM32F4xx_HAL_Driver/Src/stm32f4xx_hal_ltdc.o
LOAD Drivers/STM32F4xx_HAL_Driver/Src/stm32f4xx_hal_ltdc_ex.o
LOAD Drivers/STM32F4xx_HAL_Driver/Src/stm32f4xx_hal_pwr.o
LOAD Drivers/STM32F4xx_HAL_Driver/Src/stm32f4xx_hal_pwr_ex.o
LOAD Drivers/STM32F4xx_HAL_Driver/Src/stm32f4xx_hal_rcc.o
LOAD Drivers/STM32F4xx_HAL_Driver/Src/stm32f4xx_hal_rcc_ex.o
LOAD Drivers/STM32F4xx_HAL_Driver/Src/stm32f4xx_hal_sdram.o
LOAD Drivers/STM32F4xx_HAL_Driver/Src/stm32f4xx_hal_spi.o
LOAD Drivers/STM32F4xx_HAL_Driver/Src/stm32f4xx_hal_tim.o
LOAD Drivers/STM32F4xx_HAL_Driver/Src/stm32f4xx_hal_tim_ex.o
LOAD Drivers/STM32F4xx_HAL_Driver/Src/stm32f4xx_hal_uart.o
LOAD Drivers/STM32F4xx_HAL_Driver/Src/stm32f4xx_ll_fmc.o
START GROUP
LOAD c:/st/stm32cubeide_1.3.0/stm32cubeide/plugins/com.st.stm32cube.ide.mcu.externaltools.gnu-tools-for-stm32.7-2018-q2-update.win32_1.4.0.202007081208/tools/bin/../lib/gcc/arm-none-eabi/7.3.1/../../../../arm-none-eabi/lib/thumb/v7e-m/fpv4-sp/hard\libc_nano.a
LOAD c:/st/stm32cubeide_1.3.0/stm32cubeide/plugins/com.st.stm32cube.ide.mcu.externaltools.gnu-tools-for-stm32.7-2018-q2-update.win32_1.4.0.202007081208/tools/bin/../lib/gcc/arm-none-eabi/7.3.1/../../../../arm-none-eabi/lib/thumb/v7e-m/fpv4-sp/hard\libm.a
END GROUP
START GROUP
LOAD c:/st/stm32cubeide_1.3.0/stm32cubeide/plugins/com.st.stm32cube.ide.mcu.externaltools.gnu-tools-for-stm32.7-2018-q2-update.win32_1.4.0.202007081208/tools/bin/../lib/gcc/arm-none-eabi/7.3.1/thumb/v7e-m/fpv4-sp/hard\libgcc.a
LOAD c:/st/stm32cubeide_1.3.0/stm32cubeide/plugins/com.st.stm32cube.ide.mcu.externaltools.gnu-tools-for-stm32.7-2018-q2-update.win32_1.4.0.202007081208/tools/bin/../lib/gcc/arm-none-eabi/7.3.1/../../../../arm-none-eabi/lib/thumb/v7e-m/fpv4-sp/hard\libc_nano.a
END GROUP
START GROUP
LOAD c:/st/stm32cubeide_1.3.0/stm32cubeide/plugins/com.st.stm32cube.ide.mcu.externaltools.gnu-tools-for-stm32.7-2018-q2-update.win32_1.4.0.202007081208/tools/bin/../lib/gcc/arm-none-eabi/7.3.1/thumb/v7e-m/fpv4-sp/hard\libgcc.a
LOAD c:/st/stm32cubeide_1.3.0/stm32cubeide/plugins/com.st.stm32cube.ide.mcu.externaltools.gnu-tools-for-stm32.7-2018-q2-update.win32_1.4.0.202007081208/tools/bin/../lib/gcc/arm-none-eabi/7.3.1/../../../../arm-none-eabi/lib/thumb/v7e-m/fpv4-sp/hard\libc_nano.a
LOAD c:/st/stm32cubeide_1.3.0/stm32cubeide/plugins/com.st.stm32cube.ide.mcu.externaltools.gnu-tools-for-stm32.7-2018-q2-update.win32_1.4.0.202007081208/tools/bin/../lib/gcc/arm-none-eabi/7.3.1/../../../../arm-none-eabi/lib/thumb/v7e-m/fpv4-sp/hard\libnosys.a
END GROUP
START GROUP
LOAD c:/st/stm32cubeide_1.3.0/stm32cubeide/plugins/com.st.stm32cube.ide.mcu.externaltools.gnu-tools-for-stm32.7-2018-q2-update.win32_1.4.0.202007081208/tools/bin/../lib/gcc/arm-none-eabi/7.3.1/thumb/v7e-m/fpv4-sp/hard\libgcc.a
LOAD c:/st/stm32cubeide_1.3.0/stm32cubeide/plugins/com.st.stm32cube.ide.mcu.externaltools.gnu-tools-for-stm32.7-2018-q2-update.win32_1.4.0.202007081208/tools/bin/../lib/gcc/arm-none-eabi/7.3.1/../../../../arm-none-eabi/lib/thumb/v7e-m/fpv4-sp/hard\libc_nano.a
LOAD c:/st/stm32cubeide_1.3.0/stm32cubeide/plugins/com.st.stm32cube.ide.mcu.externaltools.gnu-tools-for-stm32.7-2018-q2-update.win32_1.4.0.202007081208/tools/bin/../lib/gcc/arm-none-eabi/7.3.1/../../../../arm-none-eabi/lib/thumb/v7e-m/fpv4-sp/hard\libnosys.a
END GROUP
LOAD c:/st/stm32cubeide_1.3.0/stm32cubeide/plugins/com.st.stm32cube.ide.mcu.externaltools.gnu-tools-for-stm32.7-2018-q2-update.win32_1.4.0.202007081208/tools/bin/../lib/gcc/arm-none-eabi/7.3.1/thumb/v7e-m/fpv4-sp/hard/crtend.o
LOAD c:/st/stm32cubeide_1.3.0/stm32cubeide/plugins/com.st.stm32cube.ide.mcu.externaltools.gnu-tools-for-stm32.7-2018-q2-update.win32_1.4.0.202007081208/tools/bin/../lib/gcc/arm-none-eabi/7.3.1/thumb/v7e-m/fpv4-sp/hard/crtn.o
                0x0000000020030000                _estack = (ORIGIN (RAM) + LENGTH (RAM))
                0x0000000000000200                _Min_Heap_Size = 0x200
                0x0000000000000400                _Min_Stack_Size = 0x400

.isr_vector     0x0000000008000000      0x1ac
                0x0000000008000000                . = ALIGN (0x4)
 *(.isr_vector)
 .isr_vector    0x0000000008000000      0x1ac Core/Startup/startup_stm32f429zitx.o
                0x0000000008000000                g_pfnVectors
                0x00000000080001ac                . = ALIGN (0x4)

.text           0x00000000080001b0     0xa280
                0x00000000080001b0                . = ALIGN (0x4)
 *(.text)
 .text          0x00000000080001b0       0x40 c:/st/stm32cubeide_1.3.0/stm32cubeide/plugins/com.st.stm32cube.ide.mcu.externaltools.gnu-tools-for-stm32.7-2018-q2-update.win32_1.4.0.202007081208/tools/bin/../lib/gcc/arm-none-eabi/7.3.1/thumb/v7e-m/fpv4-sp/hard/crtbegin.o
 .text          0x00000000080001f0       0xa0 c:/st/stm32cubeide_1.3.0/stm32cubeide/plugins/com.st.stm32cube.ide.mcu.externaltools.gnu-tools-for-stm32.7-2018-q2-update.win32_1.4.0.202007081208/tools/bin/../lib/gcc/arm-none-eabi/7.3.1/../../../../arm-none-eabi/lib/thumb/v7e-m/fpv4-sp/hard\libc_nano.a(lib_a-memchr.o)
                0x00000000080001f0                memchr
 .text          0x0000000008000290       0x30 c:/st/stm32cubeide_1.3.0/stm32cubeide/plugins/com.st.stm32cube.ide.mcu.externaltools.gnu-tools-for-stm32.7-2018-q2-update.win32_1.4.0.202007081208/tools/bin/../lib/gcc/arm-none-eabi/7.3.1/thumb/v7e-m/fpv4-sp/hard\libgcc.a(_aeabi_uldivmod.o)
                0x0000000008000290                __aeabi_uldivmod
 .text          0x00000000080002c0      0x2cc c:/st/stm32cubeide_1.3.0/stm32cubeide/plugins/com.st.stm32cube.ide.mcu.externaltools.gnu-tools-for-stm32.7-2018-q2-update.win32_1.4.0.202007081208/tools/bin/../lib/gcc/arm-none-eabi/7.3.1/thumb/v7e-m/fpv4-sp/hard\libgcc.a(_udivmoddi4.o)
                0x00000000080002c0                __udivmoddi4
 .text          0x000000000800058c        0x4 c:/st/stm32cubeide_1.3.0/stm32cubeide/plugins/com.st.stm32cube.ide.mcu.externaltools.gnu-tools-for-stm32.7-2018-q2-update.win32_1.4.0.202007081208/tools/bin/../lib/gcc/arm-none-eabi/7.3.1/thumb/v7e-m/fpv4-sp/hard\libgcc.a(_dvmd_tls.o)
                0x000000000800058c                __aeabi_idiv0
                0x000000000800058c                __aeabi_ldiv0
 *(.text*)
 .text.MX_ADC1_Init
                0x0000000008000590       0xdc Core/Src/adc.o
                0x0000000008000590                MX_ADC1_Init
 .text.MX_ADC3_Init
                0x000000000800066c       0xc0 Core/Src/adc.o
                0x000000000800066c                MX_ADC3_Init
 .text.HAL_ADC_MspInit
                0x000000000800072c      0x124 Core/Src/adc.o
                0x000000000800072c                HAL_ADC_MspInit
 .text.MX_CRC_Init
                0x0000000008000850       0x28 Core/Src/crc.o
                0x0000000008000850                MX_CRC_Init
 .text.HAL_CRC_MspInit
                0x0000000008000878       0x44 Core/Src/crc.o
                0x0000000008000878                HAL_CRC_MspInit
 .text.MX_DMA2D_Init
                0x00000000080008bc       0x64 Core/Src/dma2d.o
                0x00000000080008bc                MX_DMA2D_Init
 .text.HAL_DMA2D_MspInit
                0x0000000008000920       0x50 Core/Src/dma2d.o
                0x0000000008000920                HAL_DMA2D_MspInit
 .text.MX_FMC_Init
                0x0000000008000970       0xa0 Core/Src/fmc.o
                0x0000000008000970                MX_FMC_Init
 .text.HAL_FMC_MspInit
                0x0000000008000a10      0x124 Core/Src/fmc.o
 .text.HAL_SDRAM_MspInit
                0x0000000008000b34       0x14 Core/Src/fmc.o
                0x0000000008000b34                HAL_SDRAM_MspInit
 .text.MX_GPIO_Init
                0x0000000008000b48      0x25c Core/Src/gpio.o
                0x0000000008000b48                MX_GPIO_Init
 .text.MX_I2C3_Init
                0x0000000008000da4       0x80 Core/Src/i2c.o
                0x0000000008000da4                MX_I2C3_Init
 .text.HAL_I2C_MspInit
                0x0000000008000e24       0xd4 Core/Src/i2c.o
                0x0000000008000e24                HAL_I2C_MspInit
 .text.HAL_I2C_MspDeInit
                0x0000000008000ef8       0x4c Core/Src/i2c.o
                0x0000000008000ef8                HAL_I2C_MspDeInit
 .text.MX_LTDC_Init
                0x0000000008000f44      0x160 Core/Src/ltdc.o
                0x0000000008000f44                MX_LTDC_Init
 .text.HAL_LTDC_MspInit
                0x00000000080010a4      0x21c Core/Src/ltdc.o
                0x00000000080010a4                HAL_LTDC_MspInit
 .text.main     0x00000000080012c0      0x19c Core/Src/main.o
                0x00000000080012c0                main
 .text.SystemClock_Config
                0x000000000800145c      0x108 Core/Src/main.o
                0x000000000800145c                SystemClock_Config
 .text.gyro_disable
                0x0000000008001564       0xc0 Core/Src/main.o
                0x0000000008001564                gyro_disable
 .text.HAL_TIM_PeriodElapsedCallback
                0x0000000008001624       0x24 Core/Src/main.o
                0x0000000008001624                HAL_TIM_PeriodElapsedCallback
 .text.Error_Handler
                0x0000000008001648        0xe Core/Src/main.o
                0x0000000008001648                Error_Handler
 *fill*         0x0000000008001656        0x2 
 .text.MENU_draw
                0x0000000008001658      0x15c Core/Src/menu.o
                0x0000000008001658                MENU_draw
 .text.MENU_hint
                0x00000000080017b4       0x5c Core/Src/menu.o
                0x00000000080017b4                MENU_hint
 .text.MENU_get_transition
                0x0000000008001810       0x24 Core/Src/menu.o
                0x0000000008001810                MENU_get_transition
 .text.MENU_check_transition
                0x0000000008001834       0xa0 Core/Src/menu.o
                0x0000000008001834                MENU_check_transition
 .text.EXTI15_10_IRQHandler
                0x00000000080018d4       0x44 Core/Src/menu.o
                0x00000000080018d4                EXTI15_10_IRQHandler
 .text.MX_SPI3_Init
                0x0000000008001918       0x6c Core/Src/spi.o
                0x0000000008001918                MX_SPI3_Init
 .text.HAL_SPI_MspInit
                0x0000000008001984       0xd0 Core/Src/spi.o
                0x0000000008001984                HAL_SPI_MspInit
 .text.HAL_SPI_MspDeInit
                0x0000000008001a54       0x48 Core/Src/spi.o
                0x0000000008001a54                HAL_SPI_MspDeInit
 .text.HAL_MspInit
                0x0000000008001a9c       0x58 Core/Src/stm32f4xx_hal_msp.o
                0x0000000008001a9c                HAL_MspInit
 .text.HAL_InitTick
                0x0000000008001af4       0xb4 Core/Src/stm32f4xx_hal_timebase_tim.o
                0x0000000008001af4                HAL_InitTick
 .text.NMI_Handler
                0x0000000008001ba8        0xe Core/Src/stm32f4xx_it.o
                0x0000000008001ba8                NMI_Handler
 .text.HardFault_Handler
                0x0000000008001bb6        0x6 Core/Src/stm32f4xx_it.o
                0x0000000008001bb6                HardFault_Handler
 .text.MemManage_Handler
                0x0000000008001bbc        0x6 Core/Src/stm32f4xx_it.o
                0x0000000008001bbc                MemManage_Handler
 .text.BusFault_Handler
                0x0000000008001bc2        0x6 Core/Src/stm32f4xx_it.o
                0x0000000008001bc2                BusFault_Handler
 .text.UsageFault_Handler
                0x0000000008001bc8        0x6 Core/Src/stm32f4xx_it.o
                0x0000000008001bc8                UsageFault_Handler
 .text.SVC_Handler
                0x0000000008001bce        0xe Core/Src/stm32f4xx_it.o
                0x0000000008001bce                SVC_Handler
 .text.DebugMon_Handler
                0x0000000008001bdc        0xe Core/Src/stm32f4xx_it.o
                0x0000000008001bdc                DebugMon_Handler
 .text.PendSV_Handler
                0x0000000008001bea        0xe Core/Src/stm32f4xx_it.o
                0x0000000008001bea                PendSV_Handler
 .text.SysTick_Handler
                0x0000000008001bf8        0xe Core/Src/stm32f4xx_it.o
                0x0000000008001bf8                SysTick_Handler
 *fill*         0x0000000008001c06        0x2 
 .text.TIM6_DAC_IRQHandler
                0x0000000008001c08       0x14 Core/Src/stm32f4xx_it.o
                0x0000000008001c08                TIM6_DAC_IRQHandler
 .text.DMA2D_IRQHandler
                0x0000000008001c1c       0x14 Core/Src/stm32f4xx_it.o
                0x0000000008001c1c                DMA2D_IRQHandler
 .text._sbrk    0x0000000008001c30       0x6c Core/Src/sysmem.o
                0x0000000008001c30                _sbrk
 .text.SystemInit
                0x0000000008001c9c       0x2c Core/Src/system_stm32f4xx.o
                0x0000000008001c9c                SystemInit
 .text.MX_TIM1_Init
                0x0000000008001cc8       0xa0 Core/Src/tim.o
                0x0000000008001cc8                MX_TIM1_Init
 .text.HAL_TIM_Base_MspInit
                0x0000000008001d68       0x44 Core/Src/tim.o
                0x0000000008001d68                HAL_TIM_Base_MspInit
 .text.MX_USART1_UART_Init
                0x0000000008001dac       0x54 Core/Src/usart.o
                0x0000000008001dac                MX_USART1_UART_Init
 .text.HAL_UART_MspInit
                0x0000000008001e00       0x90 Core/Src/usart.o
                0x0000000008001e00                HAL_UART_MspInit
 .text.Reset_Handler
                0x0000000008001e90       0x50 Core/Startup/startup_stm32f429zitx.o
                0x0000000008001e90                Reset_Handler
 .text.Default_Handler
                0x0000000008001ee0        0x2 Core/Startup/startup_stm32f429zitx.o
                0x0000000008001ee0                RTC_Alarm_IRQHandler
                0x0000000008001ee0                HASH_RNG_IRQHandler
                0x0000000008001ee0                EXTI2_IRQHandler
                0x0000000008001ee0                TIM8_CC_IRQHandler
                0x0000000008001ee0                UART8_IRQHandler
                0x0000000008001ee0                SPI4_IRQHandler
                0x0000000008001ee0                TIM1_CC_IRQHandler
                0x0000000008001ee0                DMA2_Stream5_IRQHandler
                0x0000000008001ee0                DMA1_Stream5_IRQHandler
                0x0000000008001ee0                PVD_IRQHandler
                0x0000000008001ee0                SDIO_IRQHandler
                0x0000000008001ee0                TAMP_STAMP_IRQHandler
                0x0000000008001ee0                CAN2_RX1_IRQHandler
                0x0000000008001ee0                EXTI3_IRQHandler
                0x0000000008001ee0                TIM8_TRG_COM_TIM14_IRQHandler
                0x0000000008001ee0                TIM1_UP_TIM10_IRQHandler
                0x0000000008001ee0                TIM8_UP_TIM13_IRQHandler
                0x0000000008001ee0                I2C3_ER_IRQHandler
                0x0000000008001ee0                EXTI0_IRQHandler
                0x0000000008001ee0                I2C2_EV_IRQHandler
                0x0000000008001ee0                DMA1_Stream2_IRQHandler
                0x0000000008001ee0                CAN1_RX0_IRQHandler
                0x0000000008001ee0                FPU_IRQHandler
                0x0000000008001ee0                OTG_HS_WKUP_IRQHandler
                0x0000000008001ee0                LTDC_ER_IRQHandler
                0x0000000008001ee0                CAN2_SCE_IRQHandler
                0x0000000008001ee0                DMA2_Stream2_IRQHandler
                0x0000000008001ee0                SPI1_IRQHandler
                0x0000000008001ee0                TIM1_BRK_TIM9_IRQHandler
                0x0000000008001ee0                DCMI_IRQHandler
                0x0000000008001ee0                CAN2_RX0_IRQHandler
                0x0000000008001ee0                DMA2_Stream3_IRQHandler
                0x0000000008001ee0                USART6_IRQHandler
                0x0000000008001ee0                USART3_IRQHandler
                0x0000000008001ee0                CAN1_RX1_IRQHandler
                0x0000000008001ee0                UART5_IRQHandler
                0x0000000008001ee0                DMA2_Stream0_IRQHandler
                0x0000000008001ee0                TIM4_IRQHandler
                0x0000000008001ee0                I2C1_EV_IRQHandler
                0x0000000008001ee0                DMA1_Stream6_IRQHandler
                0x0000000008001ee0                DMA1_Stream1_IRQHandler
                0x0000000008001ee0                UART4_IRQHandler
                0x0000000008001ee0                TIM3_IRQHandler
                0x0000000008001ee0                RCC_IRQHandler
                0x0000000008001ee0                TIM8_BRK_TIM12_IRQHandler
                0x0000000008001ee0                Default_Handler
                0x0000000008001ee0                ADC_IRQHandler
                0x0000000008001ee0                DMA1_Stream7_IRQHandler
                0x0000000008001ee0                SPI5_IRQHandler
                0x0000000008001ee0                TIM7_IRQHandler
                0x0000000008001ee0                CAN2_TX_IRQHandler
                0x0000000008001ee0                TIM5_IRQHandler
                0x0000000008001ee0                DMA2_Stream7_IRQHandler
                0x0000000008001ee0                I2C3_EV_IRQHandler
                0x0000000008001ee0                EXTI9_5_IRQHandler
                0x0000000008001ee0                RTC_WKUP_IRQHandler
                0x0000000008001ee0                LTDC_IRQHandler
                0x0000000008001ee0                ETH_WKUP_IRQHandler
                0x0000000008001ee0                SPI2_IRQHandler
                0x0000000008001ee0                OTG_HS_EP1_IN_IRQHandler
                0x0000000008001ee0                DMA1_Stream0_IRQHandler
                0x0000000008001ee0                CAN1_TX_IRQHandler
                0x0000000008001ee0                EXTI4_IRQHandler
                0x0000000008001ee0                ETH_IRQHandler
                0x0000000008001ee0                OTG_HS_EP1_OUT_IRQHandler
                0x0000000008001ee0                WWDG_IRQHandler
                0x0000000008001ee0                SPI6_IRQHandler
                0x0000000008001ee0                TIM2_IRQHandler
                0x0000000008001ee0                OTG_FS_WKUP_IRQHandler
                0x0000000008001ee0                TIM1_TRG_COM_TIM11_IRQHandler
                0x0000000008001ee0                OTG_HS_IRQHandler
                0x0000000008001ee0                EXTI1_IRQHandler
                0x0000000008001ee0                UART7_IRQHandler
                0x0000000008001ee0                USART2_IRQHandler
                0x0000000008001ee0                I2C2_ER_IRQHandler
                0x0000000008001ee0                DMA2_Stream1_IRQHandler
                0x0000000008001ee0                CAN1_SCE_IRQHandler
                0x0000000008001ee0                FLASH_IRQHandler
                0x0000000008001ee0                DMA2_Stream4_IRQHandler
                0x0000000008001ee0                USART1_IRQHandler
                0x0000000008001ee0                OTG_FS_IRQHandler
                0x0000000008001ee0                SPI3_IRQHandler
                0x0000000008001ee0                DMA1_Stream4_IRQHandler
                0x0000000008001ee0                I2C1_ER_IRQHandler
                0x0000000008001ee0                FMC_IRQHandler
                0x0000000008001ee0                DMA2_Stream6_IRQHandler
                0x0000000008001ee0                SAI1_IRQHandler
                0x0000000008001ee0                DMA1_Stream3_IRQHandler
 .text.ili9341_Init
                0x0000000008001ee2      0x294 Drivers/BSP/Components/ili9341/ili9341.o
                0x0000000008001ee2                ili9341_Init
 .text.ili9341_ReadID
                0x0000000008002176       0x18 Drivers/BSP/Components/ili9341/ili9341.o
                0x0000000008002176                ili9341_ReadID
 .text.ili9341_DisplayOn
                0x000000000800218e        0xe Drivers/BSP/Components/ili9341/ili9341.o
                0x000000000800218e                ili9341_DisplayOn
 .text.ili9341_DisplayOff
                0x000000000800219c        0xe Drivers/BSP/Components/ili9341/ili9341.o
                0x000000000800219c                ili9341_DisplayOff
 .text.ili9341_WriteReg
                0x00000000080021aa       0x1a Drivers/BSP/Components/ili9341/ili9341.o
                0x00000000080021aa                ili9341_WriteReg
 .text.ili9341_WriteData
                0x00000000080021c4       0x1a Drivers/BSP/Components/ili9341/ili9341.o
                0x00000000080021c4                ili9341_WriteData
 .text.ili9341_ReadData
                0x00000000080021de       0x26 Drivers/BSP/Components/ili9341/ili9341.o
                0x00000000080021de                ili9341_ReadData
 .text.ili9341_GetLcdPixelWidth
                0x0000000008002204       0x10 Drivers/BSP/Components/ili9341/ili9341.o
                0x0000000008002204                ili9341_GetLcdPixelWidth
 .text.ili9341_GetLcdPixelHeight
                0x0000000008002214       0x12 Drivers/BSP/Components/ili9341/ili9341.o
                0x0000000008002214                ili9341_GetLcdPixelHeight
 *fill*         0x0000000008002226        0x2 
 .text.stmpe811_Init
                0x0000000008002228       0x50 Drivers/BSP/Components/stmpe811/stmpe811.o
                0x0000000008002228                stmpe811_Init
 .text.stmpe811_Reset
                0x0000000008002278       0x3a Drivers/BSP/Components/stmpe811/stmpe811.o
                0x0000000008002278                stmpe811_Reset
 .text.stmpe811_ReadID
                0x00000000080022b2       0x3e Drivers/BSP/Components/stmpe811/stmpe811.o
                0x00000000080022b2                stmpe811_ReadID
 .text.stmpe811_EnableGlobalIT
                0x00000000080022f0       0x3c Drivers/BSP/Components/stmpe811/stmpe811.o
                0x00000000080022f0                stmpe811_EnableGlobalIT
 .text.stmpe811_DisableGlobalIT
                0x000000000800232c       0x3c Drivers/BSP/Components/stmpe811/stmpe811.o
                0x000000000800232c                stmpe811_DisableGlobalIT
 .text.stmpe811_EnableITSource
                0x0000000008002368       0x42 Drivers/BSP/Components/stmpe811/stmpe811.o
                0x0000000008002368                stmpe811_EnableITSource
 .text.stmpe811_DisableITSource
                0x00000000080023aa       0x4c Drivers/BSP/Components/stmpe811/stmpe811.o
                0x00000000080023aa                stmpe811_DisableITSource
 .text.stmpe811_ReadGITStatus
                0x00000000080023f6       0x2e Drivers/BSP/Components/stmpe811/stmpe811.o
                0x00000000080023f6                stmpe811_ReadGITStatus
 .text.stmpe811_ClearGlobalIT
                0x0000000008002424       0x26 Drivers/BSP/Components/stmpe811/stmpe811.o
                0x0000000008002424                stmpe811_ClearGlobalIT
 .text.stmpe811_IO_EnableAF
                0x000000000800244a       0x48 Drivers/BSP/Components/stmpe811/stmpe811.o
                0x000000000800244a                stmpe811_IO_EnableAF
 .text.stmpe811_TS_Start
                0x0000000008002492       0xf0 Drivers/BSP/Components/stmpe811/stmpe811.o
                0x0000000008002492                stmpe811_TS_Start
 .text.stmpe811_TS_DetectTouch
                0x0000000008002582       0x70 Drivers/BSP/Components/stmpe811/stmpe811.o
                0x0000000008002582                stmpe811_TS_DetectTouch
 .text.stmpe811_TS_GetXY
                0x00000000080025f2       0x72 Drivers/BSP/Components/stmpe811/stmpe811.o
                0x00000000080025f2                stmpe811_TS_GetXY
 .text.stmpe811_TS_EnableIT
                0x0000000008002664       0x28 Drivers/BSP/Components/stmpe811/stmpe811.o
                0x0000000008002664                stmpe811_TS_EnableIT
 .text.stmpe811_TS_DisableIT
                0x000000000800268c       0x24 Drivers/BSP/Components/stmpe811/stmpe811.o
                0x000000000800268c                stmpe811_TS_DisableIT
 .text.stmpe811_TS_ITStatus
                0x00000000080026b0       0x1e Drivers/BSP/Components/stmpe811/stmpe811.o
                0x00000000080026b0                stmpe811_TS_ITStatus
 .text.stmpe811_TS_ClearIT
                0x00000000080026ce       0x1c Drivers/BSP/Components/stmpe811/stmpe811.o
                0x00000000080026ce                stmpe811_TS_ClearIT
 *fill*         0x00000000080026ea        0x2 
 .text.stmpe811_GetInstance
                0x00000000080026ec       0x44 Drivers/BSP/Components/stmpe811/stmpe811.o
 .text.I2Cx_MspInit
                0x0000000008002730       0xec Drivers/BSP/STM32F429I-Discovery/stm32f429i_discovery.o
 .text.I2Cx_Init
                0x000000000800281c       0x64 Drivers/BSP/STM32F429I-Discovery/stm32f429i_discovery.o
 .text.I2Cx_ITConfig
                0x0000000008002880       0x64 Drivers/BSP/STM32F429I-Discovery/stm32f429i_discovery.o
 .text.I2Cx_WriteData
                0x00000000080028e4       0x54 Drivers/BSP/STM32F429I-Discovery/stm32f429i_discovery.o
 .text.I2Cx_ReadData
                0x0000000008002938       0x58 Drivers/BSP/STM32F429I-Discovery/stm32f429i_discovery.o
 .text.I2Cx_ReadBuffer
                0x0000000008002990       0x5c Drivers/BSP/STM32F429I-Discovery/stm32f429i_discovery.o
 .text.I2Cx_Error
                0x00000000080029ec       0x18 Drivers/BSP/STM32F429I-Discovery/stm32f429i_discovery.o
 .text.SPIx_Init
                0x0000000008002a04       0x74 Drivers/BSP/STM32F429I-Discovery/stm32f429i_discovery.o
 .text.SPIx_Read
                0x0000000008002a78       0x40 Drivers/BSP/STM32F429I-Discovery/stm32f429i_discovery.o
 .text.SPIx_Write
                0x0000000008002ab8       0x3c Drivers/BSP/STM32F429I-Discovery/stm32f429i_discovery.o
 .text.SPIx_Error
                0x0000000008002af4       0x18 Drivers/BSP/STM32F429I-Discovery/stm32f429i_discovery.o
 .text.SPIx_MspInit
                0x0000000008002b0c       0x74 Drivers/BSP/STM32F429I-Discovery/stm32f429i_discovery.o
 .text.LCD_IO_Init
                0x0000000008002b80       0xf0 Drivers/BSP/STM32F429I-Discovery/stm32f429i_discovery.o
                0x0000000008002b80                LCD_IO_Init
 .text.LCD_IO_WriteData
                0x0000000008002c70       0x44 Drivers/BSP/STM32F429I-Discovery/stm32f429i_discovery.o
                0x0000000008002c70                LCD_IO_WriteData
 .text.LCD_IO_WriteReg
                0x0000000008002cb4       0x44 Drivers/BSP/STM32F429I-Discovery/stm32f429i_discovery.o
                0x0000000008002cb4                LCD_IO_WriteReg
 .text.LCD_IO_ReadData
                0x0000000008002cf8       0x64 Drivers/BSP/STM32F429I-Discovery/stm32f429i_discovery.o
                0x0000000008002cf8                LCD_IO_ReadData
 .text.LCD_Delay
                0x0000000008002d5c       0x16 Drivers/BSP/STM32F429I-Discovery/stm32f429i_discovery.o
                0x0000000008002d5c                LCD_Delay
 .text.IOE_Init
                0x0000000008002d72        0xc Drivers/BSP/STM32F429I-Discovery/stm32f429i_discovery.o
                0x0000000008002d72                IOE_Init
 .text.IOE_ITConfig
                0x0000000008002d7e        0xc Drivers/BSP/STM32F429I-Discovery/stm32f429i_discovery.o
                0x0000000008002d7e                IOE_ITConfig
 .text.IOE_Write
                0x0000000008002d8a       0x26 Drivers/BSP/STM32F429I-Discovery/stm32f429i_discovery.o
                0x0000000008002d8a                IOE_Write
 .text.IOE_Read
                0x0000000008002db0       0x26 Drivers/BSP/STM32F429I-Discovery/stm32f429i_discovery.o
                0x0000000008002db0                IOE_Read
 .text.IOE_ReadMultiple
                0x0000000008002dd6       0x2e Drivers/BSP/STM32F429I-Discovery/stm32f429i_discovery.o
                0x0000000008002dd6                IOE_ReadMultiple
 .text.IOE_Delay
                0x0000000008002e04       0x16 Drivers/BSP/STM32F429I-Discovery/stm32f429i_discovery.o
                0x0000000008002e04                IOE_Delay
 *fill*         0x0000000008002e1a        0x2 
 .text.BSP_LCD_Init
                0x0000000008002e1c       0xd4 Drivers/BSP/STM32F429I-Discovery/stm32f429i_discovery_lcd.o
                0x0000000008002e1c                BSP_LCD_Init
 .text.BSP_LCD_GetXSize
                0x0000000008002ef0       0x18 Drivers/BSP/STM32F429I-Discovery/stm32f429i_discovery_lcd.o
                0x0000000008002ef0                BSP_LCD_GetXSize
 .text.BSP_LCD_GetYSize
                0x0000000008002f08       0x18 Drivers/BSP/STM32F429I-Discovery/stm32f429i_discovery_lcd.o
                0x0000000008002f08                BSP_LCD_GetYSize
 .text.BSP_LCD_LayerDefaultInit
                0x0000000008002f20       0xc8 Drivers/BSP/STM32F429I-Discovery/stm32f429i_discovery_lcd.o
                0x0000000008002f20                BSP_LCD_LayerDefaultInit
 .text.BSP_LCD_SelectLayer
                0x0000000008002fe8       0x20 Drivers/BSP/STM32F429I-Discovery/stm32f429i_discovery_lcd.o
                0x0000000008002fe8                BSP_LCD_SelectLayer
 .text.BSP_LCD_SetTextColor
                0x0000000008003008       0x30 Drivers/BSP/STM32F429I-Discovery/stm32f429i_discovery_lcd.o
                0x0000000008003008                BSP_LCD_SetTextColor
 .text.BSP_LCD_SetBackColor
                0x0000000008003038       0x34 Drivers/BSP/STM32F429I-Discovery/stm32f429i_discovery_lcd.o
                0x0000000008003038                BSP_LCD_SetBackColor
 .text.BSP_LCD_SetFont
                0x000000000800306c       0x34 Drivers/BSP/STM32F429I-Discovery/stm32f429i_discovery_lcd.o
                0x000000000800306c                BSP_LCD_SetFont
 .text.BSP_LCD_Clear
                0x00000000080030a0       0x50 Drivers/BSP/STM32F429I-Discovery/stm32f429i_discovery_lcd.o
                0x00000000080030a0                BSP_LCD_Clear
 .text.BSP_LCD_DisplayChar
                0x00000000080030f0       0x88 Drivers/BSP/STM32F429I-Discovery/stm32f429i_discovery_lcd.o
                0x00000000080030f0                BSP_LCD_DisplayChar
 .text.BSP_LCD_DisplayStringAt
                0x0000000008003178      0x174 Drivers/BSP/STM32F429I-Discovery/stm32f429i_discovery_lcd.o
                0x0000000008003178                BSP_LCD_DisplayStringAt
 .text.BSP_LCD_FillRect
                0x00000000080032ec       0xb4 Drivers/BSP/STM32F429I-Discovery/stm32f429i_discovery_lcd.o
                0x00000000080032ec                BSP_LCD_FillRect
 .text.BSP_LCD_DisplayOn
                0x00000000080033a0       0x20 Drivers/BSP/STM32F429I-Discovery/stm32f429i_discovery_lcd.o
                0x00000000080033a0                BSP_LCD_DisplayOn
 .text.BSP_LCD_MspInit
                0x00000000080033c0      0x1ac Drivers/BSP/STM32F429I-Discovery/stm32f429i_discovery_lcd.o
                0x00000000080033c0                BSP_LCD_MspInit
 .text.BSP_LCD_DrawPixel
                0x000000000800356c       0x4c Drivers/BSP/STM32F429I-Discovery/stm32f429i_discovery_lcd.o
                0x000000000800356c                BSP_LCD_DrawPixel
 .text.DrawChar
                0x00000000080035b8      0x174 Drivers/BSP/STM32F429I-Discovery/stm32f429i_discovery_lcd.o
 .text.FillBuffer
                0x000000000800372c       0x70 Drivers/BSP/STM32F429I-Discovery/stm32f429i_discovery_lcd.o
 .text.BSP_SDRAM_Init
                0x000000000800379c       0xbc Drivers/BSP/STM32F429I-Discovery/stm32f429i_discovery_sdram.o
                0x000000000800379c                BSP_SDRAM_Init
 .text.BSP_SDRAM_Initialization_sequence
                0x0000000008003858       0xc0 Drivers/BSP/STM32F429I-Discovery/stm32f429i_discovery_sdram.o
                0x0000000008003858                BSP_SDRAM_Initialization_sequence
 .text.BSP_SDRAM_MspInit
                0x0000000008003918      0x218 Drivers/BSP/STM32F429I-Discovery/stm32f429i_discovery_sdram.o
                0x0000000008003918                BSP_SDRAM_MspInit
 .text.BSP_TS_Init
                0x0000000008003b30       0x74 Drivers/BSP/STM32F429I-Discovery/stm32f429i_discovery_ts.o
                0x0000000008003b30                BSP_TS_Init
 .text.BSP_TS_ITGetStatus
                0x0000000008003ba4       0x18 Drivers/BSP/STM32F429I-Discovery/stm32f429i_discovery_ts.o
                0x0000000008003ba4                BSP_TS_ITGetStatus
 .text.BSP_TS_GetState
                0x0000000008003bbc      0x164 Drivers/BSP/STM32F429I-Discovery/stm32f429i_discovery_ts.o
                0x0000000008003bbc                BSP_TS_GetState
 .text.BSP_TS_ITClear
                0x0000000008003d20       0x18 Drivers/BSP/STM32F429I-Discovery/stm32f429i_discovery_ts.o
                0x0000000008003d20                BSP_TS_ITClear
 .text.HAL_Init
                0x0000000008003d38       0x44 Drivers/STM32F4xx_HAL_Driver/Src/stm32f4xx_hal.o
                0x0000000008003d38                HAL_Init
 .text.HAL_IncTick
                0x0000000008003d7c       0x28 Drivers/STM32F4xx_HAL_Driver/Src/stm32f4xx_hal.o
                0x0000000008003d7c                HAL_IncTick
 .text.HAL_GetTick
                0x0000000008003da4       0x18 Drivers/STM32F4xx_HAL_Driver/Src/stm32f4xx_hal.o
                0x0000000008003da4                HAL_GetTick
 .text.HAL_Delay
                0x0000000008003dbc       0x44 Drivers/STM32F4xx_HAL_Driver/Src/stm32f4xx_hal.o
                0x0000000008003dbc                HAL_Delay
 .text.HAL_ADC_Init
                0x0000000008003e00       0x86 Drivers/STM32F4xx_HAL_Driver/Src/stm32f4xx_hal_adc.o
                0x0000000008003e00                HAL_ADC_Init
 *fill*         0x0000000008003e86        0x2 
 .text.HAL_ADC_Start
                0x0000000008003e88      0x18c Drivers/STM32F4xx_HAL_Driver/Src/stm32f4xx_hal_adc.o
                0x0000000008003e88                HAL_ADC_Start
 .text.HAL_ADC_Stop
                0x0000000008004014       0x66 Drivers/STM32F4xx_HAL_Driver/Src/stm32f4xx_hal_adc.o
                0x0000000008004014                HAL_ADC_Stop
 .text.HAL_ADC_PollForConversion
                0x000000000800407a      0x108 Drivers/STM32F4xx_HAL_Driver/Src/stm32f4xx_hal_adc.o
                0x000000000800407a                HAL_ADC_PollForConversion
 .text.HAL_ADC_GetValue
                0x0000000008004182       0x1a Drivers/STM32F4xx_HAL_Driver/Src/stm32f4xx_hal_adc.o
                0x0000000008004182                HAL_ADC_GetValue
 .text.HAL_ADC_ConfigChannel
                0x000000000800419c      0x264 Drivers/STM32F4xx_HAL_Driver/Src/stm32f4xx_hal_adc.o
                0x000000000800419c                HAL_ADC_ConfigChannel
 .text.ADC_Init
                0x0000000008004400      0x1f8 Drivers/STM32F4xx_HAL_Driver/Src/stm32f4xx_hal_adc.o
 .text.__NVIC_SetPriorityGrouping
                0x00000000080045f8       0x48 Drivers/STM32F4xx_HAL_Driver/Src/stm32f4xx_hal_cortex.o
 .text.__NVIC_GetPriorityGrouping
                0x0000000008004640       0x1c Drivers/STM32F4xx_HAL_Driver/Src/stm32f4xx_hal_cortex.o
 .text.__NVIC_EnableIRQ
                0x000000000800465c       0x3c Drivers/STM32F4xx_HAL_Driver/Src/stm32f4xx_hal_cortex.o
 .text.__NVIC_SetPriority
                0x0000000008004698       0x54 Drivers/STM32F4xx_HAL_Driver/Src/stm32f4xx_hal_cortex.o
 .text.NVIC_EncodePriority
                0x00000000080046ec       0x66 Drivers/STM32F4xx_HAL_Driver/Src/stm32f4xx_hal_cortex.o
 .text.HAL_NVIC_SetPriorityGrouping
                0x0000000008004752       0x16 Drivers/STM32F4xx_HAL_Driver/Src/stm32f4xx_hal_cortex.o
                0x0000000008004752                HAL_NVIC_SetPriorityGrouping
 .text.HAL_NVIC_SetPriority
                0x0000000008004768       0x38 Drivers/STM32F4xx_HAL_Driver/Src/stm32f4xx_hal_cortex.o
                0x0000000008004768                HAL_NVIC_SetPriority
 .text.HAL_NVIC_EnableIRQ
                0x00000000080047a0       0x1c Drivers/STM32F4xx_HAL_Driver/Src/stm32f4xx_hal_cortex.o
                0x00000000080047a0                HAL_NVIC_EnableIRQ
 .text.HAL_CRC_Init
                0x00000000080047bc       0x38 Drivers/STM32F4xx_HAL_Driver/Src/stm32f4xx_hal_crc.o
                0x00000000080047bc                HAL_CRC_Init
 .text.HAL_DMA_Init
                0x00000000080047f4      0x15c Drivers/STM32F4xx_HAL_Driver/Src/stm32f4xx_hal_dma.o
                0x00000000080047f4                HAL_DMA_Init
 .text.HAL_DMA_DeInit
                0x0000000008004950       0xbc Drivers/STM32F4xx_HAL_Driver/Src/stm32f4xx_hal_dma.o
                0x0000000008004950                HAL_DMA_DeInit
 .text.DMA_CalcBaseAndBitshift
                0x0000000008004a0c       0x6c Drivers/STM32F4xx_HAL_Driver/Src/stm32f4xx_hal_dma.o
 .text.DMA_CheckFifoParam
                0x0000000008004a78       0xf4 Drivers/STM32F4xx_HAL_Driver/Src/stm32f4xx_hal_dma.o
 .text.HAL_DMA2D_Init
                0x0000000008004b6c       0x92 Drivers/STM32F4xx_HAL_Driver/Src/stm32f4xx_hal_dma2d.o
                0x0000000008004b6c                HAL_DMA2D_Init
 .text.HAL_DMA2D_Start
                0x0000000008004bfe       0x56 Drivers/STM32F4xx_HAL_Driver/Src/stm32f4xx_hal_dma2d.o
                0x0000000008004bfe                HAL_DMA2D_Start
 .text.HAL_DMA2D_PollForTransfer
                0x0000000008004c54      0x1d2 Drivers/STM32F4xx_HAL_Driver/Src/stm32f4xx_hal_dma2d.o
                0x0000000008004c54                HAL_DMA2D_PollForTransfer
 .text.HAL_DMA2D_IRQHandler
                0x0000000008004e26      0x1f8 Drivers/STM32F4xx_HAL_Driver/Src/stm32f4xx_hal_dma2d.o
                0x0000000008004e26                HAL_DMA2D_IRQHandler
 .text.HAL_DMA2D_LineEventCallback
                0x000000000800501e       0x14 Drivers/STM32F4xx_HAL_Driver/Src/stm32f4xx_hal_dma2d.o
                0x000000000800501e                HAL_DMA2D_LineEventCallback
 .text.HAL_DMA2D_CLUTLoadingCpltCallback
                0x0000000008005032       0x14 Drivers/STM32F4xx_HAL_Driver/Src/stm32f4xx_hal_dma2d.o
                0x0000000008005032                HAL_DMA2D_CLUTLoadingCpltCallback
 *fill*         0x0000000008005046        0x2 
 .text.HAL_DMA2D_ConfigLayer
                0x0000000008005048      0x124 Drivers/STM32F4xx_HAL_Driver/Src/stm32f4xx_hal_dma2d.o
                0x0000000008005048                HAL_DMA2D_ConfigLayer
 .text.DMA2D_SetConfig
                0x000000000800516c      0x138 Drivers/STM32F4xx_HAL_Driver/Src/stm32f4xx_hal_dma2d.o
 .text.HAL_GPIO_Init
                0x00000000080052a4      0x354 Drivers/STM32F4xx_HAL_Driver/Src/stm32f4xx_hal_gpio.o
                0x00000000080052a4                HAL_GPIO_Init
 .text.HAL_GPIO_DeInit
                0x00000000080055f8      0x214 Drivers/STM32F4xx_HAL_Driver/Src/stm32f4xx_hal_gpio.o
                0x00000000080055f8                HAL_GPIO_DeInit
 .text.HAL_GPIO_WritePin
                0x000000000800580c       0x32 Drivers/STM32F4xx_HAL_Driver/Src/stm32f4xx_hal_gpio.o
                0x000000000800580c                HAL_GPIO_WritePin
 .text.HAL_GPIO_TogglePin
                0x000000000800583e       0x36 Drivers/STM32F4xx_HAL_Driver/Src/stm32f4xx_hal_gpio.o
                0x000000000800583e                HAL_GPIO_TogglePin
 .text.HAL_I2C_Init
                0x0000000008005874      0x270 Drivers/STM32F4xx_HAL_Driver/Src/stm32f4xx_hal_i2c.o
                0x0000000008005874                HAL_I2C_Init
 .text.HAL_I2C_DeInit
                0x0000000008005ae4       0x5e Drivers/STM32F4xx_HAL_Driver/Src/stm32f4xx_hal_i2c.o
                0x0000000008005ae4                HAL_I2C_DeInit
 *fill*         0x0000000008005b42        0x2 
 .text.HAL_I2C_Mem_Write
                0x0000000008005b44      0x1f4 Drivers/STM32F4xx_HAL_Driver/Src/stm32f4xx_hal_i2c.o
                0x0000000008005b44                HAL_I2C_Mem_Write
 .text.HAL_I2C_Mem_Read
                0x0000000008005d38      0x44c Drivers/STM32F4xx_HAL_Driver/Src/stm32f4xx_hal_i2c.o
                0x0000000008005d38                HAL_I2C_Mem_Read
 .text.HAL_I2C_GetState
                0x0000000008006184       0x1c Drivers/STM32F4xx_HAL_Driver/Src/stm32f4xx_hal_i2c.o
                0x0000000008006184                HAL_I2C_GetState
 .text.I2C_RequestMemoryWrite
                0x00000000080061a0      0x12c Drivers/STM32F4xx_HAL_Driver/Src/stm32f4xx_hal_i2c.o
 .text.I2C_RequestMemoryRead
                0x00000000080062cc      0x1d0 Drivers/STM32F4xx_HAL_Driver/Src/stm32f4xx_hal_i2c.o
 .text.I2C_WaitOnFlagUntilTimeout
                0x000000000800649c       0xae Drivers/STM32F4xx_HAL_Driver/Src/stm32f4xx_hal_i2c.o
 .text.I2C_WaitOnMasterAddressFlagUntilTimeout
                0x000000000800654a       0xfe Drivers/STM32F4xx_HAL_Driver/Src/stm32f4xx_hal_i2c.o
 .text.I2C_WaitOnTXEFlagUntilTimeout
                0x0000000008006648       0x82 Drivers/STM32F4xx_HAL_Driver/Src/stm32f4xx_hal_i2c.o
 .text.I2C_WaitOnBTFFlagUntilTimeout
                0x00000000080066ca       0x82 Drivers/STM32F4xx_HAL_Driver/Src/stm32f4xx_hal_i2c.o
 .text.I2C_WaitOnRXNEFlagUntilTimeout
                0x000000000800674c       0xac Drivers/STM32F4xx_HAL_Driver/Src/stm32f4xx_hal_i2c.o
 .text.I2C_IsAcknowledgeFailed
                0x00000000080067f8       0x5e Drivers/STM32F4xx_HAL_Driver/Src/stm32f4xx_hal_i2c.o
 .text.HAL_I2CEx_ConfigAnalogFilter
                0x0000000008006856       0x78 Drivers/STM32F4xx_HAL_Driver/Src/stm32f4xx_hal_i2c_ex.o
                0x0000000008006856                HAL_I2CEx_ConfigAnalogFilter
 .text.HAL_I2CEx_ConfigDigitalFilter
                0x00000000080068ce       0x7e Drivers/STM32F4xx_HAL_Driver/Src/stm32f4xx_hal_i2c_ex.o
                0x00000000080068ce                HAL_I2CEx_ConfigDigitalFilter
 .text.HAL_LTDC_Init
                0x000000000800694c      0x1a0 Drivers/STM32F4xx_HAL_Driver/Src/stm32f4xx_hal_ltdc.o
                0x000000000800694c                HAL_LTDC_Init
 .text.HAL_LTDC_ConfigLayer
                0x0000000008006aec       0x7c Drivers/STM32F4xx_HAL_Driver/Src/stm32f4xx_hal_ltdc.o
                0x0000000008006aec                HAL_LTDC_ConfigLayer
 .text.HAL_LTDC_EnableDither
                0x0000000008006b68       0x54 Drivers/STM32F4xx_HAL_Driver/Src/stm32f4xx_hal_ltdc.o
                0x0000000008006b68                HAL_LTDC_EnableDither
 .text.LTDC_SetConfig
                0x0000000008006bbc      0x32e Drivers/STM32F4xx_HAL_Driver/Src/stm32f4xx_hal_ltdc.o
 *fill*         0x0000000008006eea        0x2 
 .text.HAL_RCC_OscConfig
                0x0000000008006eec      0x4e0 Drivers/STM32F4xx_HAL_Driver/Src/stm32f4xx_hal_rcc.o
                0x0000000008006eec                HAL_RCC_OscConfig
 .text.HAL_RCC_ClockConfig
                0x00000000080073cc      0x1cc Drivers/STM32F4xx_HAL_Driver/Src/stm32f4xx_hal_rcc.o
                0x00000000080073cc                HAL_RCC_ClockConfig
 .text.HAL_RCC_GetSysClockFreq
                0x0000000008007598      0x1b0 Drivers/STM32F4xx_HAL_Driver/Src/stm32f4xx_hal_rcc.o
                0x0000000008007598                HAL_RCC_GetSysClockFreq
 .text.HAL_RCC_GetHCLKFreq
                0x0000000008007748       0x18 Drivers/STM32F4xx_HAL_Driver/Src/stm32f4xx_hal_rcc.o
                0x0000000008007748                HAL_RCC_GetHCLKFreq
 .text.HAL_RCC_GetPCLK1Freq
                0x0000000008007760       0x28 Drivers/STM32F4xx_HAL_Driver/Src/stm32f4xx_hal_rcc.o
                0x0000000008007760                HAL_RCC_GetPCLK1Freq
 .text.HAL_RCC_GetPCLK2Freq
                0x0000000008007788       0x28 Drivers/STM32F4xx_HAL_Driver/Src/stm32f4xx_hal_rcc.o
                0x0000000008007788                HAL_RCC_GetPCLK2Freq
 .text.HAL_RCC_GetClockConfig
                0x00000000080077b0       0x64 Drivers/STM32F4xx_HAL_Driver/Src/stm32f4xx_hal_rcc.o
                0x00000000080077b0                HAL_RCC_GetClockConfig
 .text.HAL_RCCEx_PeriphCLKConfig
                0x0000000008007814      0x37c Drivers/STM32F4xx_HAL_Driver/Src/stm32f4xx_hal_rcc_ex.o
                0x0000000008007814                HAL_RCCEx_PeriphCLKConfig
 .text.HAL_SDRAM_Init
                0x0000000008007b90       0x68 Drivers/STM32F4xx_HAL_Driver/Src/stm32f4xx_hal_sdram.o
                0x0000000008007b90                HAL_SDRAM_Init
 .text.HAL_SDRAM_SendCommand
                0x0000000008007bf8       0x56 Drivers/STM32F4xx_HAL_Driver/Src/stm32f4xx_hal_sdram.o
                0x0000000008007bf8                HAL_SDRAM_SendCommand
 .text.HAL_SDRAM_ProgramRefreshRate
                0x0000000008007c4e       0x40 Drivers/STM32F4xx_HAL_Driver/Src/stm32f4xx_hal_sdram.o
                0x0000000008007c4e                HAL_SDRAM_ProgramRefreshRate
 .text.HAL_SPI_Init
                0x0000000008007c8e       0xc8 Drivers/STM32F4xx_HAL_Driver/Src/stm32f4xx_hal_spi.o
                0x0000000008007c8e                HAL_SPI_Init
 .text.HAL_SPI_DeInit
                0x0000000008007d56       0x50 Drivers/STM32F4xx_HAL_Driver/Src/stm32f4xx_hal_spi.o
                0x0000000008007d56                HAL_SPI_DeInit
 .text.HAL_SPI_Transmit
                0x0000000008007da6      0x268 Drivers/STM32F4xx_HAL_Driver/Src/stm32f4xx_hal_spi.o
                0x0000000008007da6                HAL_SPI_Transmit
 .text.HAL_SPI_Receive
                0x000000000800800e      0x212 Drivers/STM32F4xx_HAL_Driver/Src/stm32f4xx_hal_spi.o
                0x000000000800800e                HAL_SPI_Receive
 .text.HAL_SPI_TransmitReceive
                0x0000000008008220      0x344 Drivers/STM32F4xx_HAL_Driver/Src/stm32f4xx_hal_spi.o
                0x0000000008008220                HAL_SPI_TransmitReceive
 .text.HAL_SPI_GetState
                0x0000000008008564       0x1c Drivers/STM32F4xx_HAL_Driver/Src/stm32f4xx_hal_spi.o
                0x0000000008008564                HAL_SPI_GetState
 .text.SPI_WaitFlagStateUntilTimeout
                0x0000000008008580       0xd4 Drivers/STM32F4xx_HAL_Driver/Src/stm32f4xx_hal_spi.o
 .text.SPI_EndRxTransaction
                0x0000000008008654       0xca Drivers/STM32F4xx_HAL_Driver/Src/stm32f4xx_hal_spi.o
 *fill*         0x000000000800871e        0x2 
 .text.SPI_EndRxTxTransaction
                0x0000000008008720       0x84 Drivers/STM32F4xx_HAL_Driver/Src/stm32f4xx_hal_spi.o
 .text.HAL_TIM_Base_Init
                0x00000000080087a4       0x56 Drivers/STM32F4xx_HAL_Driver/Src/stm32f4xx_hal_tim.o
                0x00000000080087a4                HAL_TIM_Base_Init
 .text.HAL_TIM_Base_Start_IT
                0x00000000080087fa       0x48 Drivers/STM32F4xx_HAL_Driver/Src/stm32f4xx_hal_tim.o
                0x00000000080087fa                HAL_TIM_Base_Start_IT
 .text.HAL_TIM_IRQHandler
                0x0000000008008842      0x210 Drivers/STM32F4xx_HAL_Driver/Src/stm32f4xx_hal_tim.o
                0x0000000008008842                HAL_TIM_IRQHandler
 .text.HAL_TIM_ConfigClockSource
                0x0000000008008a52      0x16e Drivers/STM32F4xx_HAL_Driver/Src/stm32f4xx_hal_tim.o
                0x0000000008008a52                HAL_TIM_ConfigClockSource
 .text.HAL_TIM_OC_DelayElapsedCallback
                0x0000000008008bc0       0x14 Drivers/STM32F4xx_HAL_Driver/Src/stm32f4xx_hal_tim.o
                0x0000000008008bc0                HAL_TIM_OC_DelayElapsedCallback
 .text.HAL_TIM_IC_CaptureCallback
                0x0000000008008bd4       0x14 Drivers/STM32F4xx_HAL_Driver/Src/stm32f4xx_hal_tim.o
                0x0000000008008bd4                HAL_TIM_IC_CaptureCallback
 .text.HAL_TIM_PWM_PulseFinishedCallback
                0x0000000008008be8       0x14 Drivers/STM32F4xx_HAL_Driver/Src/stm32f4xx_hal_tim.o
                0x0000000008008be8                HAL_TIM_PWM_PulseFinishedCallback
 .text.HAL_TIM_TriggerCallback
                0x0000000008008bfc       0x14 Drivers/STM32F4xx_HAL_Driver/Src/stm32f4xx_hal_tim.o
                0x0000000008008bfc                HAL_TIM_TriggerCallback
 .text.TIM_Base_SetConfig
                0x0000000008008c10      0x140 Drivers/STM32F4xx_HAL_Driver/Src/stm32f4xx_hal_tim.o
                0x0000000008008c10                TIM_Base_SetConfig
 .text.TIM_TI1_ConfigInputStage
                0x0000000008008d50       0x5e Drivers/STM32F4xx_HAL_Driver/Src/stm32f4xx_hal_tim.o
 .text.TIM_TI2_ConfigInputStage
                0x0000000008008dae       0x60 Drivers/STM32F4xx_HAL_Driver/Src/stm32f4xx_hal_tim.o
 .text.TIM_ITRx_SetConfig
                0x0000000008008e0e       0x36 Drivers/STM32F4xx_HAL_Driver/Src/stm32f4xx_hal_tim.o
 .text.TIM_ETR_SetConfig
                0x0000000008008e44       0x40 Drivers/STM32F4xx_HAL_Driver/Src/stm32f4xx_hal_tim.o
                0x0000000008008e44                TIM_ETR_SetConfig
 .text.HAL_TIMEx_MasterConfigSynchronization
                0x0000000008008e84       0xf8 Drivers/STM32F4xx_HAL_Driver/Src/stm32f4xx_hal_tim_ex.o
                0x0000000008008e84                HAL_TIMEx_MasterConfigSynchronization
 .text.HAL_TIMEx_CommutCallback
                0x0000000008008f7c       0x14 Drivers/STM32F4xx_HAL_Driver/Src/stm32f4xx_hal_tim_ex.o
                0x0000000008008f7c                HAL_TIMEx_CommutCallback
 .text.HAL_TIMEx_BreakCallback
                0x0000000008008f90       0x14 Drivers/STM32F4xx_HAL_Driver/Src/stm32f4xx_hal_tim_ex.o
                0x0000000008008f90                HAL_TIMEx_BreakCallback
 .text.HAL_UART_Init
                0x0000000008008fa4       0x9a Drivers/STM32F4xx_HAL_Driver/Src/stm32f4xx_hal_uart.o
                0x0000000008008fa4                HAL_UART_Init
 .text.HAL_UART_Transmit
                0x000000000800903e      0x132 Drivers/STM32F4xx_HAL_Driver/Src/stm32f4xx_hal_uart.o
                0x000000000800903e                HAL_UART_Transmit
 .text.UART_WaitOnFlagUntilTimeout
                0x0000000008009170       0x94 Drivers/STM32F4xx_HAL_Driver/Src/stm32f4xx_hal_uart.o
 .text.UART_SetConfig
                0x0000000008009204      0x6f8 Drivers/STM32F4xx_HAL_Driver/Src/stm32f4xx_hal_uart.o
 .text.FMC_SDRAM_Init
                0x00000000080098fc       0xe6 Drivers/STM32F4xx_HAL_Driver/Src/stm32f4xx_ll_fmc.o
                0x00000000080098fc                FMC_SDRAM_Init
 .text.FMC_SDRAM_Timing_Init
                0x00000000080099e2       0xfe Drivers/STM32F4xx_HAL_Driver/Src/stm32f4xx_ll_fmc.o
                0x00000000080099e2                FMC_SDRAM_Timing_Init
 .text.FMC_SDRAM_SendCommand
                0x0000000008009ae0       0x78 Drivers/STM32F4xx_HAL_Driver/Src/stm32f4xx_ll_fmc.o
                0x0000000008009ae0                FMC_SDRAM_SendCommand
 .text.FMC_SDRAM_ProgramRefreshRate
                0x0000000008009b58       0x26 Drivers/STM32F4xx_HAL_Driver/Src/stm32f4xx_ll_fmc.o
                0x0000000008009b58                FMC_SDRAM_ProgramRefreshRate
 *fill*         0x0000000008009b7e        0x2 
 .text.__errno  0x0000000008009b80        0xc c:/st/stm32cubeide_1.3.0/stm32cubeide/plugins/com.st.stm32cube.ide.mcu.externaltools.gnu-tools-for-stm32.7-2018-q2-update.win32_1.4.0.202007081208/tools/bin/../lib/gcc/arm-none-eabi/7.3.1/../../../../arm-none-eabi/lib/thumb/v7e-m/fpv4-sp/hard\libc_nano.a(lib_a-errno.o)
                0x0000000008009b80                __errno
 .text.__libc_init_array
                0x0000000008009b8c       0x48 c:/st/stm32cubeide_1.3.0/stm32cubeide/plugins/com.st.stm32cube.ide.mcu.externaltools.gnu-tools-for-stm32.7-2018-q2-update.win32_1.4.0.202007081208/tools/bin/../lib/gcc/arm-none-eabi/7.3.1/../../../../arm-none-eabi/lib/thumb/v7e-m/fpv4-sp/hard\libc_nano.a(lib_a-init.o)
                0x0000000008009b8c                __libc_init_array
 .text.memset   0x0000000008009bd4       0x10 c:/st/stm32cubeide_1.3.0/stm32cubeide/plugins/com.st.stm32cube.ide.mcu.externaltools.gnu-tools-for-stm32.7-2018-q2-update.win32_1.4.0.202007081208/tools/bin/../lib/gcc/arm-none-eabi/7.3.1/../../../../arm-none-eabi/lib/thumb/v7e-m/fpv4-sp/hard\libc_nano.a(lib_a-memset.o)
                0x0000000008009bd4                memset
 .text.snprintf
                0x0000000008009be4       0x68 c:/st/stm32cubeide_1.3.0/stm32cubeide/plugins/com.st.stm32cube.ide.mcu.externaltools.gnu-tools-for-stm32.7-2018-q2-update.win32_1.4.0.202007081208/tools/bin/../lib/gcc/arm-none-eabi/7.3.1/../../../../arm-none-eabi/lib/thumb/v7e-m/fpv4-sp/hard\libc_nano.a(lib_a-snprintf.o)
                0x0000000008009be4                sniprintf
                0x0000000008009be4                snprintf
 .text.__ssputs_r
                0x0000000008009c4c       0xb4 c:/st/stm32cubeide_1.3.0/stm32cubeide/plugins/com.st.stm32cube.ide.mcu.externaltools.gnu-tools-for-stm32.7-2018-q2-update.win32_1.4.0.202007081208/tools/bin/../lib/gcc/arm-none-eabi/7.3.1/../../../../arm-none-eabi/lib/thumb/v7e-m/fpv4-sp/hard\libc_nano.a(lib_a-nano-svfprintf.o)
                0x0000000008009c4c                __ssputs_r
 .text._svfprintf_r
                0x0000000008009d00      0x1f0 c:/st/stm32cubeide_1.3.0/stm32cubeide/plugins/com.st.stm32cube.ide.mcu.externaltools.gnu-tools-for-stm32.7-2018-q2-update.win32_1.4.0.202007081208/tools/bin/../lib/gcc/arm-none-eabi/7.3.1/../../../../arm-none-eabi/lib/thumb/v7e-m/fpv4-sp/hard\libc_nano.a(lib_a-nano-svfprintf.o)
                0x0000000008009d00                _svfiprintf_r
                0x0000000008009d00                _svfprintf_r
 .text._printf_common
                0x0000000008009ef0       0xea c:/st/stm32cubeide_1.3.0/stm32cubeide/plugins/com.st.stm32cube.ide.mcu.externaltools.gnu-tools-for-stm32.7-2018-q2-update.win32_1.4.0.202007081208/tools/bin/../lib/gcc/arm-none-eabi/7.3.1/../../../../arm-none-eabi/lib/thumb/v7e-m/fpv4-sp/hard\libc_nano.a(lib_a-nano-vfprintf_i.o)
                0x0000000008009ef0                _printf_common
 *fill*         0x0000000008009fda        0x2 
 .text._printf_i
                0x0000000008009fdc      0x224 c:/st/stm32cubeide_1.3.0/stm32cubeide/plugins/com.st.stm32cube.ide.mcu.externaltools.gnu-tools-for-stm32.7-2018-q2-update.win32_1.4.0.202007081208/tools/bin/../lib/gcc/arm-none-eabi/7.3.1/../../../../arm-none-eabi/lib/thumb/v7e-m/fpv4-sp/hard\libc_nano.a(lib_a-nano-vfprintf_i.o)
                0x0000000008009fdc                _printf_i
 .text.memcpy   0x000000000800a200       0x16 c:/st/stm32cubeide_1.3.0/stm32cubeide/plugins/com.st.stm32cube.ide.mcu.externaltools.gnu-tools-for-stm32.7-2018-q2-update.win32_1.4.0.202007081208/tools/bin/../lib/gcc/arm-none-eabi/7.3.1/../../../../arm-none-eabi/lib/thumb/v7e-m/fpv4-sp/hard\libc_nano.a(lib_a-memcpy-stub.o)
                0x000000000800a200                memcpy
 .text.memmove  0x000000000800a216       0x32 c:/st/stm32cubeide_1.3.0/stm32cubeide/plugins/com.st.stm32cube.ide.mcu.externaltools.gnu-tools-for-stm32.7-2018-q2-update.win32_1.4.0.202007081208/tools/bin/../lib/gcc/arm-none-eabi/7.3.1/../../../../arm-none-eabi/lib/thumb/v7e-m/fpv4-sp/hard\libc_nano.a(lib_a-memmove.o)
                0x000000000800a216                memmove
 .text._free_r  0x000000000800a248       0x9c c:/st/stm32cubeide_1.3.0/stm32cubeide/plugins/com.st.stm32cube.ide.mcu.externaltools.gnu-tools-for-stm32.7-2018-q2-update.win32_1.4.0.202007081208/tools/bin/../lib/gcc/arm-none-eabi/7.3.1/../../../../arm-none-eabi/lib/thumb/v7e-m/fpv4-sp/hard\libc_nano.a(lib_a-nano-freer.o)
                0x000000000800a248                _free_r
 .text._malloc_r
                0x000000000800a2e4       0xb4 c:/st/stm32cubeide_1.3.0/stm32cubeide/plugins/com.st.stm32cube.ide.mcu.externaltools.gnu-tools-for-stm32.7-2018-q2-update.win32_1.4.0.202007081208/tools/bin/../lib/gcc/arm-none-eabi/7.3.1/../../../../arm-none-eabi/lib/thumb/v7e-m/fpv4-sp/hard\libc_nano.a(lib_a-nano-mallocr.o)
                0x000000000800a2e4                _malloc_r
 .text._realloc_r
                0x000000000800a398       0x4c c:/st/stm32cubeide_1.3.0/stm32cubeide/plugins/com.st.stm32cube.ide.mcu.externaltools.gnu-tools-for-stm32.7-2018-q2-update.win32_1.4.0.202007081208/tools/bin/../lib/gcc/arm-none-eabi/7.3.1/../../../../arm-none-eabi/lib/thumb/v7e-m/fpv4-sp/hard\libc_nano.a(lib_a-nano-reallocr.o)
                0x000000000800a398                _realloc_r
 .text._sbrk_r  0x000000000800a3e4       0x20 c:/st/stm32cubeide_1.3.0/stm32cubeide/plugins/com.st.stm32cube.ide.mcu.externaltools.gnu-tools-for-stm32.7-2018-q2-update.win32_1.4.0.202007081208/tools/bin/../lib/gcc/arm-none-eabi/7.3.1/../../../../arm-none-eabi/lib/thumb/v7e-m/fpv4-sp/hard\libc_nano.a(lib_a-sbrkr.o)
                0x000000000800a3e4                _sbrk_r
 .text.__malloc_lock
                0x000000000800a404        0x2 c:/st/stm32cubeide_1.3.0/stm32cubeide/plugins/com.st.stm32cube.ide.mcu.externaltools.gnu-tools-for-stm32.7-2018-q2-update.win32_1.4.0.202007081208/tools/bin/../lib/gcc/arm-none-eabi/7.3.1/../../../../arm-none-eabi/lib/thumb/v7e-m/fpv4-sp/hard\libc_nano.a(lib_a-mlock.o)
                0x000000000800a404                __malloc_lock
 .text.__malloc_unlock
                0x000000000800a406        0x2 c:/st/stm32cubeide_1.3.0/stm32cubeide/plugins/com.st.stm32cube.ide.mcu.externaltools.gnu-tools-for-stm32.7-2018-q2-update.win32_1.4.0.202007081208/tools/bin/../lib/gcc/arm-none-eabi/7.3.1/../../../../arm-none-eabi/lib/thumb/v7e-m/fpv4-sp/hard\libc_nano.a(lib_a-mlock.o)
                0x000000000800a406                __malloc_unlock
 .text._malloc_usable_size_r
                0x000000000800a408       0x10 c:/st/stm32cubeide_1.3.0/stm32cubeide/plugins/com.st.stm32cube.ide.mcu.externaltools.gnu-tools-for-stm32.7-2018-q2-update.win32_1.4.0.202007081208/tools/bin/../lib/gcc/arm-none-eabi/7.3.1/../../../../arm-none-eabi/lib/thumb/v7e-m/fpv4-sp/hard\libc_nano.a(lib_a-nano-msizer.o)
                0x000000000800a408                _malloc_usable_size_r
 *(.glue_7)
 .glue_7        0x000000000800a418        0x0 linker stubs
 *(.glue_7t)
 .glue_7t       0x000000000800a418        0x0 linker stubs
 *(.eh_frame)
 .eh_frame      0x000000000800a418        0x0 c:/st/stm32cubeide_1.3.0/stm32cubeide/plugins/com.st.stm32cube.ide.mcu.externaltools.gnu-tools-for-stm32.7-2018-q2-update.win32_1.4.0.202007081208/tools/bin/../lib/gcc/arm-none-eabi/7.3.1/thumb/v7e-m/fpv4-sp/hard/crtbegin.o
 *(.init)
 .init          0x000000000800a418        0x4 c:/st/stm32cubeide_1.3.0/stm32cubeide/plugins/com.st.stm32cube.ide.mcu.externaltools.gnu-tools-for-stm32.7-2018-q2-update.win32_1.4.0.202007081208/tools/bin/../lib/gcc/arm-none-eabi/7.3.1/thumb/v7e-m/fpv4-sp/hard/crti.o
                0x000000000800a418                _init
 .init          0x000000000800a41c        0x8 c:/st/stm32cubeide_1.3.0/stm32cubeide/plugins/com.st.stm32cube.ide.mcu.externaltools.gnu-tools-for-stm32.7-2018-q2-update.win32_1.4.0.202007081208/tools/bin/../lib/gcc/arm-none-eabi/7.3.1/thumb/v7e-m/fpv4-sp/hard/crtn.o
 *(.fini)
 .fini          0x000000000800a424        0x4 c:/st/stm32cubeide_1.3.0/stm32cubeide/plugins/com.st.stm32cube.ide.mcu.externaltools.gnu-tools-for-stm32.7-2018-q2-update.win32_1.4.0.202007081208/tools/bin/../lib/gcc/arm-none-eabi/7.3.1/thumb/v7e-m/fpv4-sp/hard/crti.o
                0x000000000800a424                _fini
 .fini          0x000000000800a428        0x8 c:/st/stm32cubeide_1.3.0/stm32cubeide/plugins/com.st.stm32cube.ide.mcu.externaltools.gnu-tools-for-stm32.7-2018-q2-update.win32_1.4.0.202007081208/tools/bin/../lib/gcc/arm-none-eabi/7.3.1/thumb/v7e-m/fpv4-sp/hard/crtn.o
                0x000000000800a430                . = ALIGN (0x4)
                0x000000000800a430                _etext = .

.vfp11_veneer   0x000000000800a430        0x0
 .vfp11_veneer  0x000000000800a430        0x0 linker stubs

.v4_bx          0x000000000800a430        0x0
 .v4_bx         0x000000000800a430        0x0 linker stubs

.iplt           0x000000000800a430        0x0
 .iplt          0x000000000800a430        0x0 c:/st/stm32cubeide_1.3.0/stm32cubeide/plugins/com.st.stm32cube.ide.mcu.externaltools.gnu-tools-for-stm32.7-2018-q2-update.win32_1.4.0.202007081208/tools/bin/../lib/gcc/arm-none-eabi/7.3.1/thumb/v7e-m/fpv4-sp/hard/crtbegin.o

.rodata         0x000000000800a430     0x2ba8
                0x000000000800a430                . = ALIGN (0x4)
 *(.rodata)
 .rodata        0x000000000800a430       0x15 Core/Src/main.o
 *fill*         0x000000000800a445        0x3 
 .rodata        0x000000000800a448       0x30 Core/Src/menu.o
 *(.rodata*)
 .rodata.AHBPrescTable
                0x000000000800a478       0x10 Core/Src/system_stm32f4xx.o
                0x000000000800a478                AHBPrescTable
 .rodata.APBPrescTable
                0x000000000800a488        0x8 Core/Src/system_stm32f4xx.o
                0x000000000800a488                APBPrescTable
 .rodata.Font24_Table
                0x000000000800a490     0x1ab8 Drivers/BSP/STM32F429I-Discovery/stm32f429i_discovery_lcd.o
                0x000000000800a490                Font24_Table
 .rodata.Font16_Table
                0x000000000800bf48      0xbe0 Drivers/BSP/STM32F429I-Discovery/stm32f429i_discovery_lcd.o
                0x000000000800bf48                Font16_Table
 .rodata.Font12_Table
                0x000000000800cb28      0x474 Drivers/BSP/STM32F429I-Discovery/stm32f429i_discovery_lcd.o
                0x000000000800cb28                Font12_Table
 .rodata.flagBitshiftOffset.9361
                0x000000000800cf9c        0x8 Drivers/STM32F4xx_HAL_Driver/Src/stm32f4xx_hal_dma.o
 .rodata._svfprintf_r.str1.1
                0x000000000800cfa4       0x11 c:/st/stm32cubeide_1.3.0/stm32cubeide/plugins/com.st.stm32cube.ide.mcu.externaltools.gnu-tools-for-stm32.7-2018-q2-update.win32_1.4.0.202007081208/tools/bin/../lib/gcc/arm-none-eabi/7.3.1/../../../../arm-none-eabi/lib/thumb/v7e-m/fpv4-sp/hard\libc_nano.a(lib_a-nano-svfprintf.o)
 .rodata._printf_i.str1.1
                0x000000000800cfb5       0x22 c:/st/stm32cubeide_1.3.0/stm32cubeide/plugins/com.st.stm32cube.ide.mcu.externaltools.gnu-tools-for-stm32.7-2018-q2-update.win32_1.4.0.202007081208/tools/bin/../lib/gcc/arm-none-eabi/7.3.1/../../../../arm-none-eabi/lib/thumb/v7e-m/fpv4-sp/hard\libc_nano.a(lib_a-nano-vfprintf_i.o)
                0x000000000800cfd8                . = ALIGN (0x4)
 *fill*         0x000000000800cfd7        0x1 

.ARM.extab      0x000000000800cfd8        0x0
                0x000000000800cfd8                . = ALIGN (0x4)
 *(.ARM.extab* .gnu.linkonce.armextab.*)
                0x000000000800cfd8                . = ALIGN (0x4)

.ARM            0x000000000800cfd8        0x8
                0x000000000800cfd8                . = ALIGN (0x4)
                0x000000000800cfd8                __exidx_start = .
 *(.ARM.exidx*)
 .ARM.exidx     0x000000000800cfd8        0x8 c:/st/stm32cubeide_1.3.0/stm32cubeide/plugins/com.st.stm32cube.ide.mcu.externaltools.gnu-tools-for-stm32.7-2018-q2-update.win32_1.4.0.202007081208/tools/bin/../lib/gcc/arm-none-eabi/7.3.1/thumb/v7e-m/fpv4-sp/hard\libgcc.a(_udivmoddi4.o)
                0x000000000800cfe0                __exidx_end = .
                0x000000000800cfe0                . = ALIGN (0x4)

.rel.dyn        0x000000000800cfe0        0x0
 .rel.iplt      0x000000000800cfe0        0x0 c:/st/stm32cubeide_1.3.0/stm32cubeide/plugins/com.st.stm32cube.ide.mcu.externaltools.gnu-tools-for-stm32.7-2018-q2-update.win32_1.4.0.202007081208/tools/bin/../lib/gcc/arm-none-eabi/7.3.1/thumb/v7e-m/fpv4-sp/hard/crtbegin.o

.preinit_array  0x000000000800cfe0        0x0
                0x000000000800cfe0                . = ALIGN (0x4)
                0x000000000800cfe0                PROVIDE (__preinit_array_start = .)
 *(.preinit_array*)
                0x000000000800cfe0                PROVIDE (__preinit_array_end = .)
                0x000000000800cfe0                . = ALIGN (0x4)

.init_array     0x000000000800cfe0        0x4
                0x000000000800cfe0                . = ALIGN (0x4)
                0x000000000800cfe0                PROVIDE (__init_array_start = .)
 *(SORT_BY_NAME(.init_array.*))
 *(.init_array*)
 .init_array    0x000000000800cfe0        0x4 c:/st/stm32cubeide_1.3.0/stm32cubeide/plugins/com.st.stm32cube.ide.mcu.externaltools.gnu-tools-for-stm32.7-2018-q2-update.win32_1.4.0.202007081208/tools/bin/../lib/gcc/arm-none-eabi/7.3.1/thumb/v7e-m/fpv4-sp/hard/crtbegin.o
                0x000000000800cfe4                PROVIDE (__init_array_end = .)
                0x000000000800cfe4                . = ALIGN (0x4)

.fini_array     0x000000000800cfe4        0x4
                0x000000000800cfe4                . = ALIGN (0x4)
                [!provide]                        PROVIDE (__fini_array_start = .)
 *(SORT_BY_NAME(.fini_array.*))
 *(.fini_array*)
 .fini_array    0x000000000800cfe4        0x4 c:/st/stm32cubeide_1.3.0/stm32cubeide/plugins/com.st.stm32cube.ide.mcu.externaltools.gnu-tools-for-stm32.7-2018-q2-update.win32_1.4.0.202007081208/tools/bin/../lib/gcc/arm-none-eabi/7.3.1/thumb/v7e-m/fpv4-sp/hard/crtbegin.o
                [!provide]                        PROVIDE (__fini_array_end = .)
                0x000000000800cfe8                . = ALIGN (0x4)
                0x000000000800cfe8                _sidata = LOADADDR (.data)

.data           0x0000000020000000      0x1ec load address 0x000000000800cfe8
                0x0000000020000000                . = ALIGN (0x4)
                0x0000000020000000                _sdata = .
 *(.data)
 *(.data*)
 .data.MENU_transition
                0x0000000020000000        0x1 Core/Src/menu.o
 *fill*         0x0000000020000001        0x3 
 .data.MENU_entry
                0x0000000020000004       0xf0 Core/Src/menu.o
 .data.item_new.9839
                0x00000000200000f4        0x1 Core/Src/menu.o
 .data.item_old.9838
                0x00000000200000f5        0x1 Core/Src/menu.o
 *fill*         0x00000000200000f6        0x2 
 .data.SystemCoreClock
                0x00000000200000f8        0x4 Core/Src/system_stm32f4xx.o
                0x00000000200000f8                SystemCoreClock
 .data.ili9341_drv
                0x00000000200000fc       0x38 Drivers/BSP/Components/ili9341/ili9341.o
                0x00000000200000fc                ili9341_drv
 .data.stmpe811_ts_drv
                0x0000000020000134       0x28 Drivers/BSP/Components/stmpe811/stmpe811.o
                0x0000000020000134                stmpe811_ts_drv
 .data.I2cxTimeout
                0x000000002000015c        0x4 Drivers/BSP/STM32F429I-Discovery/stm32f429i_discovery.o
                0x000000002000015c                I2cxTimeout
 .data.SpixTimeout
                0x0000000020000160        0x4 Drivers/BSP/STM32F429I-Discovery/stm32f429i_discovery.o
                0x0000000020000160                SpixTimeout
 .data.Font24   0x0000000020000164        0x8 Drivers/BSP/STM32F429I-Discovery/stm32f429i_discovery_lcd.o
                0x0000000020000164                Font24
 .data.Font16   0x000000002000016c        0x8 Drivers/BSP/STM32F429I-Discovery/stm32f429i_discovery_lcd.o
                0x000000002000016c                Font16
 .data.Font12   0x0000000020000174        0x8 Drivers/BSP/STM32F429I-Discovery/stm32f429i_discovery_lcd.o
                0x0000000020000174                Font12
 .data.sdramstatus.9303
                0x000000002000017c        0x1 Drivers/BSP/STM32F429I-Discovery/stm32f429i_discovery_sdram.o
 *fill*         0x000000002000017d        0x3 
 .data.uwTickPrio
                0x0000000020000180        0x4 Drivers/STM32F4xx_HAL_Driver/Src/stm32f4xx_hal.o
                0x0000000020000180                uwTickPrio
 .data.uwTickFreq
                0x0000000020000184        0x1 Drivers/STM32F4xx_HAL_Driver/Src/stm32f4xx_hal.o
                0x0000000020000184                uwTickFreq
 *fill*         0x0000000020000185        0x3 
 .data._impure_ptr
                0x0000000020000188        0x4 c:/st/stm32cubeide_1.3.0/stm32cubeide/plugins/com.st.stm32cube.ide.mcu.externaltools.gnu-tools-for-stm32.7-2018-q2-update.win32_1.4.0.202007081208/tools/bin/../lib/gcc/arm-none-eabi/7.3.1/../../../../arm-none-eabi/lib/thumb/v7e-m/fpv4-sp/hard\libc_nano.a(lib_a-impure.o)
                0x0000000020000188                _impure_ptr
 .data.impure_data
                0x000000002000018c       0x60 c:/st/stm32cubeide_1.3.0/stm32cubeide/plugins/com.st.stm32cube.ide.mcu.externaltools.gnu-tools-for-stm32.7-2018-q2-update.win32_1.4.0.202007081208/tools/bin/../lib/gcc/arm-none-eabi/7.3.1/../../../../arm-none-eabi/lib/thumb/v7e-m/fpv4-sp/hard\libc_nano.a(lib_a-impure.o)
                0x00000000200001ec                . = ALIGN (0x4)
                0x00000000200001ec                _edata = .

.igot.plt       0x00000000200001ec        0x0 load address 0x000000000800d1d4
 .igot.plt      0x00000000200001ec        0x0 c:/st/stm32cubeide_1.3.0/stm32cubeide/plugins/com.st.stm32cube.ide.mcu.externaltools.gnu-tools-for-stm32.7-2018-q2-update.win32_1.4.0.202007081208/tools/bin/../lib/gcc/arm-none-eabi/7.3.1/thumb/v7e-m/fpv4-sp/hard/crtbegin.o
                0x00000000200001ec                . = ALIGN (0x4)

.bss            0x00000000200001ec      0x618 load address 0x000000000800d1d4
                0x00000000200001ec                _sbss = .
                0x00000000200001ec                __bss_start__ = _sbss
 *(.bss)
 .bss           0x00000000200001ec       0x1c c:/st/stm32cubeide_1.3.0/stm32cubeide/plugins/com.st.stm32cube.ide.mcu.externaltools.gnu-tools-for-stm32.7-2018-q2-update.win32_1.4.0.202007081208/tools/bin/../lib/gcc/arm-none-eabi/7.3.1/thumb/v7e-m/fpv4-sp/hard/crtbegin.o
 *(.bss*)
 .bss.FMC_Initialized
                0x0000000020000208        0x4 Core/Src/fmc.o
 .bss.TS_State.9840
                0x000000002000020c        0x8 Core/Src/menu.o
 .bss.__sbrk_heap_end
                0x0000000020000214        0x4 Core/Src/sysmem.o
 .bss.stmpe811  0x0000000020000218        0x2 Drivers/BSP/Components/stmpe811/stmpe811.o
                0x0000000020000218                stmpe811
 *fill*         0x000000002000021a        0x2 
 .bss.SpiHandle
                0x000000002000021c       0x58 Drivers/BSP/STM32F429I-Discovery/stm32f429i_discovery.o
 .bss.Is_LCD_IO_Initialized
                0x0000000020000274        0x1 Drivers/BSP/STM32F429I-Discovery/stm32f429i_discovery.o
 *fill*         0x0000000020000275        0x3 
 .bss.Dma2dHandler
                0x0000000020000278       0x40 Drivers/BSP/STM32F429I-Discovery/stm32f429i_discovery_lcd.o
 .bss.PeriphClkInitStruct
                0x00000000200002b8       0x30 Drivers/BSP/STM32F429I-Discovery/stm32f429i_discovery_lcd.o
 .bss.ActiveLayer
                0x00000000200002e8        0x4 Drivers/BSP/STM32F429I-Discovery/stm32f429i_discovery_lcd.o
 .bss.DrawProp  0x00000000200002ec       0x18 Drivers/BSP/STM32F429I-Discovery/stm32f429i_discovery_lcd.o
 .bss.SdramHandle
                0x0000000020000304       0x34 Drivers/BSP/STM32F429I-Discovery/stm32f429i_discovery_sdram.o
 .bss.Timing    0x0000000020000338       0x1c Drivers/BSP/STM32F429I-Discovery/stm32f429i_discovery_sdram.o
 .bss.Command   0x0000000020000354       0x10 Drivers/BSP/STM32F429I-Discovery/stm32f429i_discovery_sdram.o
 .bss.dmaHandle.9338
                0x0000000020000364       0x60 Drivers/BSP/STM32F429I-Discovery/stm32f429i_discovery_sdram.o
 .bss.TsDrv     0x00000000200003c4        0x4 Drivers/BSP/STM32F429I-Discovery/stm32f429i_discovery_ts.o
 .bss.TsXBoundary
                0x00000000200003c8        0x2 Drivers/BSP/STM32F429I-Discovery/stm32f429i_discovery_ts.o
 .bss.TsYBoundary
                0x00000000200003ca        0x2 Drivers/BSP/STM32F429I-Discovery/stm32f429i_discovery_ts.o
 .bss._x.9524   0x00000000200003cc        0x4 Drivers/BSP/STM32F429I-Discovery/stm32f429i_discovery_ts.o
 .bss._y.9525   0x00000000200003d0        0x4 Drivers/BSP/STM32F429I-Discovery/stm32f429i_discovery_ts.o
 .bss.__malloc_free_list
                0x00000000200003d4        0x4 c:/st/stm32cubeide_1.3.0/stm32cubeide/plugins/com.st.stm32cube.ide.mcu.externaltools.gnu-tools-for-stm32.7-2018-q2-update.win32_1.4.0.202007081208/tools/bin/../lib/gcc/arm-none-eabi/7.3.1/../../../../arm-none-eabi/lib/thumb/v7e-m/fpv4-sp/hard\libc_nano.a(lib_a-nano-mallocr.o)
                0x00000000200003d4                __malloc_free_list
 .bss.__malloc_sbrk_start
                0x00000000200003d8        0x4 c:/st/stm32cubeide_1.3.0/stm32cubeide/plugins/com.st.stm32cube.ide.mcu.externaltools.gnu-tools-for-stm32.7-2018-q2-update.win32_1.4.0.202007081208/tools/bin/../lib/gcc/arm-none-eabi/7.3.1/../../../../arm-none-eabi/lib/thumb/v7e-m/fpv4-sp/hard\libc_nano.a(lib_a-nano-mallocr.o)
                0x00000000200003d8                __malloc_sbrk_start
 *(COMMON)
 COMMON         0x00000000200003dc       0x90 Core/Src/adc.o
                0x00000000200003dc                hadc1
                0x0000000020000424                hadc3
 COMMON         0x000000002000046c        0x8 Core/Src/crc.o
                0x000000002000046c                hcrc
 COMMON         0x0000000020000474       0x40 Core/Src/dma2d.o
                0x0000000020000474                hdma2d
 COMMON         0x00000000200004b4       0x34 Core/Src/fmc.o
                0x00000000200004b4                hsdram1
 COMMON         0x00000000200004e8       0x54 Core/Src/i2c.o
                0x00000000200004e8                hi2c3
 COMMON         0x000000002000053c       0xa8 Core/Src/ltdc.o
                0x000000002000053c                hltdc
 COMMON         0x00000000200005e4       0x58 Core/Src/spi.o
                0x00000000200005e4                hspi3
 COMMON         0x000000002000063c       0x40 Core/Src/stm32f4xx_hal_timebase_tim.o
                0x000000002000063c                htim6
 COMMON         0x000000002000067c       0x40 Core/Src/tim.o
                0x000000002000067c                htim1
 COMMON         0x00000000200006bc       0x40 Core/Src/usart.o
                0x00000000200006bc                huart1
 COMMON         0x00000000200006fc       0x54 Drivers/BSP/STM32F429I-Discovery/stm32f429i_discovery.o
                0x00000000200006fc                I2cHandle
 COMMON         0x0000000020000750       0xac Drivers/BSP/STM32F429I-Discovery/stm32f429i_discovery_lcd.o
                0x0000000020000750                LtdcHandler
                0x00000000200007f8                LcdDrv
 COMMON         0x00000000200007fc        0x4 Drivers/STM32F4xx_HAL_Driver/Src/stm32f4xx_hal.o
                0x00000000200007fc                uwTick
 COMMON         0x0000000020000800        0x4 c:/st/stm32cubeide_1.3.0/stm32cubeide/plugins/com.st.stm32cube.ide.mcu.externaltools.gnu-tools-for-stm32.7-2018-q2-update.win32_1.4.0.202007081208/tools/bin/../lib/gcc/arm-none-eabi/7.3.1/../../../../arm-none-eabi/lib/thumb/v7e-m/fpv4-sp/hard\libc_nano.a(lib_a-reent.o)
                0x0000000020000800                errno
                0x0000000020000804                . = ALIGN (0x4)
                0x0000000020000804                _ebss = .
                0x0000000020000804                __bss_end__ = _ebss

._user_heap_stack
                0x0000000020000804      0x604 load address 0x000000000800d1d4
                0x0000000020000808                . = ALIGN (0x8)
 *fill*         0x0000000020000804        0x4 
                [!provide]                        PROVIDE (end = .)
                0x0000000020000808                PROVIDE (_end = .)
                0x0000000020000a08                . = (. + _Min_Heap_Size)
 *fill*         0x0000000020000808      0x200 
                0x0000000020000e08                . = (. + _Min_Stack_Size)
 *fill*         0x0000000020000a08      0x400 
                0x0000000020000e08                . = ALIGN (0x8)

/DISCARD/
 libc.a(*)
 libm.a(*)
 libgcc.a(*)

.ARM.attributes
                0x0000000000000000       0x30
 *(.ARM.attributes)
 .ARM.attributes
                0x0000000000000000       0x22 c:/st/stm32cubeide_1.3.0/stm32cubeide/plugins/com.st.stm32cube.ide.mcu.externaltools.gnu-tools-for-stm32.7-2018-q2-update.win32_1.4.0.202007081208/tools/bin/../lib/gcc/arm-none-eabi/7.3.1/thumb/v7e-m/fpv4-sp/hard/crti.o
 .ARM.attributes
                0x0000000000000022       0x34 c:/st/stm32cubeide_1.3.0/stm32cubeide/plugins/com.st.stm32cube.ide.mcu.externaltools.gnu-tools-for-stm32.7-2018-q2-update.win32_1.4.0.202007081208/tools/bin/../lib/gcc/arm-none-eabi/7.3.1/thumb/v7e-m/fpv4-sp/hard/crtbegin.o
 .ARM.attributes
                0x0000000000000056       0x39 Core/Src/adc.o
 .ARM.attributes
                0x000000000000008f       0x39 Core/Src/crc.o
 .ARM.attributes
                0x00000000000000c8       0x39 Core/Src/dma2d.o
 .ARM.attributes
                0x0000000000000101       0x39 Core/Src/fmc.o
 .ARM.attributes
                0x000000000000013a       0x39 Core/Src/gpio.o
 .ARM.attributes
                0x0000000000000173       0x39 Core/Src/i2c.o
 .ARM.attributes
                0x00000000000001ac       0x39 Core/Src/ltdc.o
 .ARM.attributes
                0x00000000000001e5       0x39 Core/Src/main.o
 .ARM.attributes
                0x000000000000021e       0x39 Core/Src/menu.o
 .ARM.attributes
                0x0000000000000257       0x39 Core/Src/spi.o
 .ARM.attributes
                0x0000000000000290       0x39 Core/Src/stm32f4xx_hal_msp.o
 .ARM.attributes
                0x00000000000002c9       0x39 Core/Src/stm32f4xx_hal_timebase_tim.o
 .ARM.attributes
                0x0000000000000302       0x39 Core/Src/stm32f4xx_it.o
 .ARM.attributes
                0x000000000000033b       0x39 Core/Src/sysmem.o
 .ARM.attributes
                0x0000000000000374       0x39 Core/Src/system_stm32f4xx.o
 .ARM.attributes
                0x00000000000003ad       0x39 Core/Src/tim.o
 .ARM.attributes
                0x00000000000003e6       0x39 Core/Src/usart.o
 .ARM.attributes
                0x000000000000041f       0x21 Core/Startup/startup_stm32f429zitx.o
 .ARM.attributes
                0x0000000000000440       0x39 Drivers/BSP/Components/ili9341/ili9341.o
 .ARM.attributes
                0x0000000000000479       0x39 Drivers/BSP/Components/stmpe811/stmpe811.o
 .ARM.attributes
                0x00000000000004b2       0x39 Drivers/BSP/STM32F429I-Discovery/stm32f429i_discovery.o
 .ARM.attributes
                0x00000000000004eb       0x39 Drivers/BSP/STM32F429I-Discovery/stm32f429i_discovery_lcd.o
 .ARM.attributes
                0x0000000000000524       0x39 Drivers/BSP/STM32F429I-Discovery/stm32f429i_discovery_sdram.o
 .ARM.attributes
                0x000000000000055d       0x39 Drivers/BSP/STM32F429I-Discovery/stm32f429i_discovery_ts.o
 .ARM.attributes
                0x0000000000000596       0x39 Drivers/STM32F4xx_HAL_Driver/Src/stm32f4xx_hal.o
 .ARM.attributes
                0x00000000000005cf       0x39 Drivers/STM32F4xx_HAL_Driver/Src/stm32f4xx_hal_adc.o
 .ARM.attributes
                0x0000000000000608       0x39 Drivers/STM32F4xx_HAL_Driver/Src/stm32f4xx_hal_cortex.o
 .ARM.attributes
                0x0000000000000641       0x39 Drivers/STM32F4xx_HAL_Driver/Src/stm32f4xx_hal_crc.o
 .ARM.attributes
                0x000000000000067a       0x39 Drivers/STM32F4xx_HAL_Driver/Src/stm32f4xx_hal_dma.o
 .ARM.attributes
                0x00000000000006b3       0x39 Drivers/STM32F4xx_HAL_Driver/Src/stm32f4xx_hal_dma2d.o
 .ARM.attributes
                0x00000000000006ec       0x39 Drivers/STM32F4xx_HAL_Driver/Src/stm32f4xx_hal_gpio.o
 .ARM.attributes
                0x0000000000000725       0x39 Drivers/STM32F4xx_HAL_Driver/Src/stm32f4xx_hal_i2c.o
 .ARM.attributes
                0x000000000000075e       0x39 Drivers/STM32F4xx_HAL_Driver/Src/stm32f4xx_hal_i2c_ex.o
 .ARM.attributes
                0x0000000000000797       0x39 Drivers/STM32F4xx_HAL_Driver/Src/stm32f4xx_hal_ltdc.o
 .ARM.attributes
                0x00000000000007d0       0x39 Drivers/STM32F4xx_HAL_Driver/Src/stm32f4xx_hal_rcc.o
 .ARM.attributes
                0x0000000000000809       0x39 Drivers/STM32F4xx_HAL_Driver/Src/stm32f4xx_hal_rcc_ex.o
 .ARM.attributes
                0x0000000000000842       0x39 Drivers/STM32F4xx_HAL_Driver/Src/stm32f4xx_hal_sdram.o
 .ARM.attributes
                0x000000000000087b       0x39 Drivers/STM32F4xx_HAL_Driver/Src/stm32f4xx_hal_spi.o
 .ARM.attributes
                0x00000000000008b4       0x39 Drivers/STM32F4xx_HAL_Driver/Src/stm32f4xx_hal_tim.o
 .ARM.attributes
                0x00000000000008ed       0x39 Drivers/STM32F4xx_HAL_Driver/Src/stm32f4xx_hal_tim_ex.o
 .ARM.attributes
                0x0000000000000926       0x39 Drivers/STM32F4xx_HAL_Driver/Src/stm32f4xx_hal_uart.o
 .ARM.attributes
                0x000000000000095f       0x39 Drivers/STM32F4xx_HAL_Driver/Src/stm32f4xx_ll_fmc.o
 .ARM.attributes
                0x0000000000000998       0x34 c:/st/stm32cubeide_1.3.0/stm32cubeide/plugins/com.st.stm32cube.ide.mcu.externaltools.gnu-tools-for-stm32.7-2018-q2-update.win32_1.4.0.202007081208/tools/bin/../lib/gcc/arm-none-eabi/7.3.1/../../../../arm-none-eabi/lib/thumb/v7e-m/fpv4-sp/hard\libc_nano.a(lib_a-errno.o)
 .ARM.attributes
                0x00000000000009cc       0x34 c:/st/stm32cubeide_1.3.0/stm32cubeide/plugins/com.st.stm32cube.ide.mcu.externaltools.gnu-tools-for-stm32.7-2018-q2-update.win32_1.4.0.202007081208/tools/bin/../lib/gcc/arm-none-eabi/7.3.1/../../../../arm-none-eabi/lib/thumb/v7e-m/fpv4-sp/hard\libc_nano.a(lib_a-impure.o)
 .ARM.attributes
                0x0000000000000a00       0x34 c:/st/stm32cubeide_1.3.0/stm32cubeide/plugins/com.st.stm32cube.ide.mcu.externaltools.gnu-tools-for-stm32.7-2018-q2-update.win32_1.4.0.202007081208/tools/bin/../lib/gcc/arm-none-eabi/7.3.1/../../../../arm-none-eabi/lib/thumb/v7e-m/fpv4-sp/hard\libc_nano.a(lib_a-init.o)
 .ARM.attributes
                0x0000000000000a34       0x34 c:/st/stm32cubeide_1.3.0/stm32cubeide/plugins/com.st.stm32cube.ide.mcu.externaltools.gnu-tools-for-stm32.7-2018-q2-update.win32_1.4.0.202007081208/tools/bin/../lib/gcc/arm-none-eabi/7.3.1/../../../../arm-none-eabi/lib/thumb/v7e-m/fpv4-sp/hard\libc_nano.a(lib_a-memset.o)
 .ARM.attributes
                0x0000000000000a68       0x34 c:/st/stm32cubeide_1.3.0/stm32cubeide/plugins/com.st.stm32cube.ide.mcu.externaltools.gnu-tools-for-stm32.7-2018-q2-update.win32_1.4.0.202007081208/tools/bin/../lib/gcc/arm-none-eabi/7.3.1/../../../../arm-none-eabi/lib/thumb/v7e-m/fpv4-sp/hard\libc_nano.a(lib_a-snprintf.o)
 .ARM.attributes
                0x0000000000000a9c       0x34 c:/st/stm32cubeide_1.3.0/stm32cubeide/plugins/com.st.stm32cube.ide.mcu.externaltools.gnu-tools-for-stm32.7-2018-q2-update.win32_1.4.0.202007081208/tools/bin/../lib/gcc/arm-none-eabi/7.3.1/../../../../arm-none-eabi/lib/thumb/v7e-m/fpv4-sp/hard\libc_nano.a(lib_a-nano-svfprintf.o)
 .ARM.attributes
                0x0000000000000ad0       0x34 c:/st/stm32cubeide_1.3.0/stm32cubeide/plugins/com.st.stm32cube.ide.mcu.externaltools.gnu-tools-for-stm32.7-2018-q2-update.win32_1.4.0.202007081208/tools/bin/../lib/gcc/arm-none-eabi/7.3.1/../../../../arm-none-eabi/lib/thumb/v7e-m/fpv4-sp/hard\libc_nano.a(lib_a-nano-vfprintf_i.o)
 .ARM.attributes
                0x0000000000000b04       0x20 c:/st/stm32cubeide_1.3.0/stm32cubeide/plugins/com.st.stm32cube.ide.mcu.externaltools.gnu-tools-for-stm32.7-2018-q2-update.win32_1.4.0.202007081208/tools/bin/../lib/gcc/arm-none-eabi/7.3.1/../../../../arm-none-eabi/lib/thumb/v7e-m/fpv4-sp/hard\libc_nano.a(lib_a-memchr.o)
 .ARM.attributes
                0x0000000000000b24       0x34 c:/st/stm32cubeide_1.3.0/stm32cubeide/plugins/com.st.stm32cube.ide.mcu.externaltools.gnu-tools-for-stm32.7-2018-q2-update.win32_1.4.0.202007081208/tools/bin/../lib/gcc/arm-none-eabi/7.3.1/../../../../arm-none-eabi/lib/thumb/v7e-m/fpv4-sp/hard\libc_nano.a(lib_a-memcpy-stub.o)
 .ARM.attributes
                0x0000000000000b58       0x34 c:/st/stm32cubeide_1.3.0/stm32cubeide/plugins/com.st.stm32cube.ide.mcu.externaltools.gnu-tools-for-stm32.7-2018-q2-update.win32_1.4.0.202007081208/tools/bin/../lib/gcc/arm-none-eabi/7.3.1/../../../../arm-none-eabi/lib/thumb/v7e-m/fpv4-sp/hard\libc_nano.a(lib_a-memmove.o)
 .ARM.attributes
                0x0000000000000b8c       0x34 c:/st/stm32cubeide_1.3.0/stm32cubeide/plugins/com.st.stm32cube.ide.mcu.externaltools.gnu-tools-for-stm32.7-2018-q2-update.win32_1.4.0.202007081208/tools/bin/../lib/gcc/arm-none-eabi/7.3.1/../../../../arm-none-eabi/lib/thumb/v7e-m/fpv4-sp/hard\libc_nano.a(lib_a-nano-freer.o)
 .ARM.attributes
                0x0000000000000bc0       0x34 c:/st/stm32cubeide_1.3.0/stm32cubeide/plugins/com.st.stm32cube.ide.mcu.externaltools.gnu-tools-for-stm32.7-2018-q2-update.win32_1.4.0.202007081208/tools/bin/../lib/gcc/arm-none-eabi/7.3.1/../../../../arm-none-eabi/lib/thumb/v7e-m/fpv4-sp/hard\libc_nano.a(lib_a-nano-mallocr.o)
 .ARM.attributes
                0x0000000000000bf4       0x34 c:/st/stm32cubeide_1.3.0/stm32cubeide/plugins/com.st.stm32cube.ide.mcu.externaltools.gnu-tools-for-stm32.7-2018-q2-update.win32_1.4.0.202007081208/tools/bin/../lib/gcc/arm-none-eabi/7.3.1/../../../../arm-none-eabi/lib/thumb/v7e-m/fpv4-sp/hard\libc_nano.a(lib_a-nano-reallocr.o)
 .ARM.attributes
                0x0000000000000c28       0x34 c:/st/stm32cubeide_1.3.0/stm32cubeide/plugins/com.st.stm32cube.ide.mcu.externaltools.gnu-tools-for-stm32.7-2018-q2-update.win32_1.4.0.202007081208/tools/bin/../lib/gcc/arm-none-eabi/7.3.1/../../../../arm-none-eabi/lib/thumb/v7e-m/fpv4-sp/hard\libc_nano.a(lib_a-sbrkr.o)
 .ARM.attributes
                0x0000000000000c5c       0x34 c:/st/stm32cubeide_1.3.0/stm32cubeide/plugins/com.st.stm32cube.ide.mcu.externaltools.gnu-tools-for-stm32.7-2018-q2-update.win32_1.4.0.202007081208/tools/bin/../lib/gcc/arm-none-eabi/7.3.1/../../../../arm-none-eabi/lib/thumb/v7e-m/fpv4-sp/hard\libc_nano.a(lib_a-mlock.o)
 .ARM.attributes
                0x0000000000000c90       0x34 c:/st/stm32cubeide_1.3.0/stm32cubeide/plugins/com.st.stm32cube.ide.mcu.externaltools.gnu-tools-for-stm32.7-2018-q2-update.win32_1.4.0.202007081208/tools/bin/../lib/gcc/arm-none-eabi/7.3.1/../../../../arm-none-eabi/lib/thumb/v7e-m/fpv4-sp/hard\libc_nano.a(lib_a-nano-msizer.o)
 .ARM.attributes
                0x0000000000000cc4       0x34 c:/st/stm32cubeide_1.3.0/stm32cubeide/plugins/com.st.stm32cube.ide.mcu.externaltools.gnu-tools-for-stm32.7-2018-q2-update.win32_1.4.0.202007081208/tools/bin/../lib/gcc/arm-none-eabi/7.3.1/../../../../arm-none-eabi/lib/thumb/v7e-m/fpv4-sp/hard\libc_nano.a(lib_a-reent.o)
 .ARM.attributes
                0x0000000000000cf8       0x22 c:/st/stm32cubeide_1.3.0/stm32cubeide/plugins/com.st.stm32cube.ide.mcu.externaltools.gnu-tools-for-stm32.7-2018-q2-update.win32_1.4.0.202007081208/tools/bin/../lib/gcc/arm-none-eabi/7.3.1/thumb/v7e-m/fpv4-sp/hard\libgcc.a(_aeabi_uldivmod.o)
 .ARM.attributes
                0x0000000000000d1a       0x34 c:/st/stm32cubeide_1.3.0/stm32cubeide/plugins/com.st.stm32cube.ide.mcu.externaltools.gnu-tools-for-stm32.7-2018-q2-update.win32_1.4.0.202007081208/tools/bin/../lib/gcc/arm-none-eabi/7.3.1/thumb/v7e-m/fpv4-sp/hard\libgcc.a(_udivmoddi4.o)
 .ARM.attributes
                0x0000000000000d4e       0x22 c:/st/stm32cubeide_1.3.0/stm32cubeide/plugins/com.st.stm32cube.ide.mcu.externaltools.gnu-tools-for-stm32.7-2018-q2-update.win32_1.4.0.202007081208/tools/bin/../lib/gcc/arm-none-eabi/7.3.1/thumb/v7e-m/fpv4-sp/hard\libgcc.a(_dvmd_tls.o)
 .ARM.attributes
                0x0000000000000d70       0x22 c:/st/stm32cubeide_1.3.0/stm32cubeide/plugins/com.st.stm32cube.ide.mcu.externaltools.gnu-tools-for-stm32.7-2018-q2-update.win32_1.4.0.202007081208/tools/bin/../lib/gcc/arm-none-eabi/7.3.1/thumb/v7e-m/fpv4-sp/hard/crtn.o
OUTPUT(Discotest.elf elf32-littlearm)

.debug_info     0x0000000000000000    0x22429
 .debug_info    0x0000000000000000      0xa8a Core/Src/adc.o
 .debug_info    0x0000000000000a8a      0x4fa Core/Src/crc.o
 .debug_info    0x0000000000000f84      0x935 Core/Src/dma2d.o
 .debug_info    0x00000000000018b9      0x99d Core/Src/fmc.o
 .debug_info    0x0000000000002256      0x552 Core/Src/gpio.o
 .debug_info    0x00000000000027a8      0xa1c Core/Src/i2c.o
 .debug_info    0x00000000000031c4      0x93f Core/Src/ltdc.o
 .debug_info    0x0000000000003b03     0x2b9f Core/Src/main.o
 .debug_info    0x00000000000066a2      0x92f Core/Src/menu.o
 .debug_info    0x0000000000006fd1      0x9ed Core/Src/spi.o
 .debug_info    0x00000000000079be      0x5d6 Core/Src/stm32f4xx_hal_msp.o
 .debug_info    0x0000000000007f94      0xb7d Core/Src/stm32f4xx_hal_timebase_tim.o
 .debug_info    0x0000000000008b11      0x9d2 Core/Src/stm32f4xx_it.o
 .debug_info    0x00000000000094e3      0x985 Core/Src/sysmem.o
 .debug_info    0x0000000000009e68      0x56e Core/Src/system_stm32f4xx.o
 .debug_info    0x000000000000a3d6      0x93d Core/Src/tim.o
 .debug_info    0x000000000000ad13      0x964 Core/Src/usart.o
 .debug_info    0x000000000000b677       0x22 Core/Startup/startup_stm32f429zitx.o
 .debug_info    0x000000000000b699      0x344 Drivers/BSP/Components/ili9341/ili9341.o
 .debug_info    0x000000000000b9dd      0xb8e Drivers/BSP/Components/stmpe811/stmpe811.o
 .debug_info    0x000000000000c56b     0x1847 Drivers/BSP/STM32F429I-Discovery/stm32f429i_discovery.o
 .debug_info    0x000000000000ddb2     0x219c Drivers/BSP/STM32F429I-Discovery/stm32f429i_discovery_lcd.o
 .debug_info    0x000000000000ff4e      0xebb Drivers/BSP/STM32F429I-Discovery/stm32f429i_discovery_sdram.o
 .debug_info    0x0000000000010e09      0x5dc Drivers/BSP/STM32F429I-Discovery/stm32f429i_discovery_ts.o
 .debug_info    0x00000000000113e5      0x9b9 Drivers/STM32F4xx_HAL_Driver/Src/stm32f4xx_hal.o
 .debug_info    0x0000000000011d9e      0xcee Drivers/STM32F4xx_HAL_Driver/Src/stm32f4xx_hal_adc.o
 .debug_info    0x0000000000012a8c      0xe5e Drivers/STM32F4xx_HAL_Driver/Src/stm32f4xx_hal_cortex.o
 .debug_info    0x00000000000138ea      0x441 Drivers/STM32F4xx_HAL_Driver/Src/stm32f4xx_hal_crc.o
 .debug_info    0x0000000000013d2b      0x968 Drivers/STM32F4xx_HAL_Driver/Src/stm32f4xx_hal_dma.o
 .debug_info    0x0000000000014693      0xf72 Drivers/STM32F4xx_HAL_Driver/Src/stm32f4xx_hal_dma2d.o
 .debug_info    0x0000000000015605      0x7cf Drivers/STM32F4xx_HAL_Driver/Src/stm32f4xx_hal_gpio.o
 .debug_info    0x0000000000015dd4     0x2433 Drivers/STM32F4xx_HAL_Driver/Src/stm32f4xx_hal_i2c.o
 .debug_info    0x0000000000018207      0x719 Drivers/STM32F4xx_HAL_Driver/Src/stm32f4xx_hal_i2c_ex.o
 .debug_info    0x0000000000018920     0x1104 Drivers/STM32F4xx_HAL_Driver/Src/stm32f4xx_hal_ltdc.o
 .debug_info    0x0000000000019a24      0x91e Drivers/STM32F4xx_HAL_Driver/Src/stm32f4xx_hal_rcc.o
 .debug_info    0x000000000001a342      0x6bc Drivers/STM32F4xx_HAL_Driver/Src/stm32f4xx_hal_rcc_ex.o
 .debug_info    0x000000000001a9fe      0xc9a Drivers/STM32F4xx_HAL_Driver/Src/stm32f4xx_hal_sdram.o